MPLINK 5.00, LINKER
Linker Map File - Created Fri Jul 17 23:40:18 2020

                                 Section Info
                  Section       Type    Address   Location Size(Bytes)
                ---------  ---------  ---------  ---------  ---------
               _entry_scn       code   0x000000    program   0x000006
           .code___init.o       code   0x000006    program   0x000002
      InterruptVectorHigh       code   0x000008    program   0x000006
     .idata_interrupt.o_i    romdata   0x00000e    program   0x000004
       InterruptVectorLow       code   0x000018    program   0x000006
                   .cinit    romdata   0x00001e    program   0x00003e
             .code_main.o       code   0x00005c    program   0x001304
              .code_lcd.o       code   0x001360    program   0x000768
            .code_timer.o       code   0x001ac8    program   0x000264
           .code_button.o       code   0x001d2c    program   0x00019a
        .code_interrupt.o       code   0x001ec6    program   0x00015a
                     PROG       code   0x002020    program   0x00010e
             .stringtable    romdata   0x00212e    program   0x0000eb
           .romdata_lcd.o    romdata   0x002219    program   0x000000
      .idata_fxd1616u.o_i    romdata   0x002219    program   0x000000
      .romdata_fxd1616u.o    romdata   0x002219    program   0x000000
     .romdata_interrupt.o    romdata   0x002219    program   0x000000
        .romdata_button.o    romdata   0x002219    program   0x000000
         .romdata_timer.o    romdata   0x002219    program   0x000000
      .idata_fxd2424u.o_i    romdata   0x002219    program   0x000000
      .romdata_fxd2424u.o    romdata   0x002219    program   0x000000
      .idata_fxd3232u.o_i    romdata   0x002219    program   0x000000
      .romdata_fxd3232u.o    romdata   0x002219    program   0x000000
       .idata_fxm3232.o_i    romdata   0x002219    program   0x000000
       .romdata_fxm3232.o    romdata   0x002219    program   0x000000
        .idata___init.o_i    romdata   0x002219    program   0x000000
        .romdata___init.o    romdata   0x002219    program   0x000000
         .romdata_c018i.o    romdata   0x002219    program   0x000000
          .romdata_main.o    romdata   0x002219    program   0x000000
         .idata_c018i.o_i    romdata   0x002219    program   0x000000
               _cinit_scn       code   0x00221a    program   0x00009e
            .code_c018i.o       code   0x00221a    program   0x000000
          .code_fxm3232.o       code   0x0022b8    program   0x000070
         .code_fxd3232u.o       code   0x002328    program   0x000048
         .code_fxd2424u.o       code   0x002370    program   0x00003a
         .code_fxd1616u.o       code   0x0023aa    program   0x00002c
                    .code       code   0x0023d6    program   0x000020
             _startup_scn       code   0x0023f6    program   0x00001c
         .idata_timer.o_i    romdata   0x002412    program   0x000020
          .idata_main.o_i    romdata   0x002432    program   0x00005c
           .idata_lcd.o_i    romdata   0x00248e    program   0x000021
        .idata_button.o_i    romdata   0x0024af    program   0x000030
    .config_300001_main.o    romdata   0x300001    program   0x000001
    .config_300002_main.o    romdata   0x300002    program   0x000001
    .config_300003_main.o    romdata   0x300003    program   0x000001
    .config_300005_main.o    romdata   0x300005    program   0x000001
    .config_300006_main.o    romdata   0x300006    program   0x000001
    .config_300008_main.o    romdata   0x300008    program   0x000001
    .config_300009_main.o    romdata   0x300009    program   0x000001
    .config_30000a_main.o    romdata   0x30000a    program   0x000001
    .config_30000b_main.o    romdata   0x30000b    program   0x000001
    .config_30000c_main.o    romdata   0x30000c    program   0x000001
    .config_30000d_main.o    romdata   0x30000d    program   0x000001
                MATH_DATA      udata   0x000000       data   0x000010
                 .tmpdata      udata   0x000010       data   0x00000a
            .idata_main.o      idata   0x000080       data   0x00005c
             .idata_lcd.o      idata   0x0000dc       data   0x000021
          .idata___init.o      idata   0x0000fd       data   0x000000
          .udata___init.o      udata   0x0000fd       data   0x000000
         .idata_fxm3232.o      idata   0x0000fd       data   0x000000
         .udata_fxm3232.o      udata   0x0000fd       data   0x000000
        .idata_fxd3232u.o      idata   0x0000fd       data   0x000000
        .udata_fxd3232u.o      udata   0x0000fd       data   0x000000
        .idata_fxd2424u.o      idata   0x0000fd       data   0x000000
        .udata_fxd2424u.o      udata   0x0000fd       data   0x000000
        .idata_fxd1616u.o      idata   0x0000fd       data   0x000000
        .udata_fxd1616u.o      udata   0x0000fd       data   0x000000
       .udata_interrupt.o      udata   0x0000fd       data   0x000000
           .udata_timer.o      udata   0x0000fd       data   0x000000
           .idata_c018i.o      idata   0x0000fd       data   0x000000
          .udata_button.o      udata   0x0000fd       data   0x000000
                   .stack      udata   0x000e00       data   0x000100
          .idata_button.o      idata   0x000f00       data   0x000030
           .idata_timer.o      idata   0x000f30       data   0x000020
            .udata_main.o      udata   0x000f50       data   0x00000b
           .udata_c018i.o      udata   0x000f5b       data   0x00000a
             .udata_lcd.o      udata   0x000f65       data   0x000004
       .idata_interrupt.o      idata   0x000f69       data   0x000004
            SFR_UNBANKED0      udata   0x000f80       data   0x000080



                              Program Memory Usage 
                               Start         End      
                           ---------   ---------      
                            0x000000    0x000011      
                            0x000018    0x002218      
                            0x00221a    0x0024de      
                            0x300001    0x300003      
                            0x300005    0x300006      
                            0x300008    0x30000d      
            9443 out of 66584 program addresses used, program memory utilization is 14%



                              Symbols - Sorted by Name
                     Name    Address   Location    Storage File                     
                ---------  ---------  ---------  --------- ---------                
          AppTrafficLight   0x0002c0    program     extern D:\Bai3_Button_LCD\main.c
            CheckPassword   0x000bd2    program     extern D:\Bai3_Button_LCD\main.c
           CheckPassword2   0x000c1e    program     extern D:\Bai3_Button_LCD\main.c
              CloseOutput   0x00019e    program     extern D:\Bai3_Button_LCD\main.c
                   D1616S   0x002042    program     static E:\3.46\pic18-lt\cxx-framework\src\traditional\math\fxd1616s.asm
                D1616SNEG   0x002050    program     static E:\3.46\pic18-lt\cxx-framework\src\traditional\math\fxd1616s.asm
                 D1616SOK   0x00204c    program     static E:\3.46\pic18-lt\cxx-framework\src\traditional\math\fxd1616s.asm
                  D1616SX   0x002062    program     static E:\3.46\pic18-lt\cxx-framework\src\traditional\math\fxd1616s.asm
                   D2424S   0x002096    program     static E:\3.46\pic18-lt\cxx-framework\src\traditional\math\fxd2424s.asm
                D2424SNEG   0x0020a4    program     static E:\3.46\pic18-lt\cxx-framework\src\traditional\math\fxd2424s.asm
                 D2424SOK   0x0020a0    program     static E:\3.46\pic18-lt\cxx-framework\src\traditional\math\fxd2424s.asm
                  D2424SX   0x0020bc    program     static E:\3.46\pic18-lt\cxx-framework\src\traditional\math\fxd2424s.asm
                   D3232S   0x0020f6    program     static E:\3.46\pic18-lt\cxx-framework\src\traditional\math\fxd3232s.asm
                D3232SNEG   0x002104    program     static E:\3.46\pic18-lt\cxx-framework\src\traditional\math\fxd3232s.asm
                 D3232SOK   0x002100    program     static E:\3.46\pic18-lt\cxx-framework\src\traditional\math\fxd3232s.asm
                  D3232SX   0x002124    program     static E:\3.46\pic18-lt\cxx-framework\src\traditional\math\fxd3232s.asm
                  DA1616S   0x002032    program     static E:\3.46\pic18-lt\cxx-framework\src\traditional\math\fxd1616s.asm
                  DA2424S   0x002082    program     static E:\3.46\pic18-lt\cxx-framework\src\traditional\math\fxd2424s.asm
                  DA3232S   0x0020e0    program     static E:\3.46\pic18-lt\cxx-framework\src\traditional\math\fxd3232s.asm
         DisplayLcdScreen   0x0016f0    program     extern D:\Bai3_Button_LCD\lcd\lcd.c
        DisplayLcdScreen2   0x001710    program     extern D:\Bai3_Button_LCD\lcd\lcd.c
                 FXD1616S   0x002020    program     extern E:\3.46\pic18-lt\cxx-framework\src\traditional\math\fxd1616s.asm
                 FXD1616U   0x0023aa    program     extern E:\3.46\pic18-lt\cxx-framework\src\traditional\math\fxd1616u.c
                 FXD2424S   0x00206c    program     extern E:\3.46\pic18-lt\cxx-framework\src\traditional\math\fxd2424s.asm
                 FXD2424U   0x002370    program     extern E:\3.46\pic18-lt\cxx-framework\src\traditional\math\fxd2424u.c
                 FXD3232S   0x0020c6    program     extern E:\3.46\pic18-lt\cxx-framework\src\traditional\math\fxd3232s.asm
                 FXD3232U   0x002328    program     extern E:\3.46\pic18-lt\cxx-framework\src\traditional\math\fxd3232u.c
                  FXM3232   0x0022b8    program     extern E:\3.46\pic18-lt\cxx-framework\src\traditional\math\fxm3232.c
      InterruptVectorHigh   0x000008    program     extern D:\Bai3_Button_LCD\interrupt\interrupt.c
       InterruptVectorLow   0x000018    program     extern D:\Bai3_Button_LCD\interrupt\interrupt.c
                LcdClearS   0x0016a0    program     extern D:\Bai3_Button_LCD\lcd\lcd.c
            LcdPrintCharS   0x00174c    program     extern D:\Bai3_Button_LCD\lcd\lcd.c
              LcdPrintNum   0x001646    program     extern D:\Bai3_Button_LCD\lcd\lcd.c
             LcdPrintNumS   0x00176e    program     extern D:\Bai3_Button_LCD\lcd\lcd.c
           LcdPrintString   0x001664    program     extern D:\Bai3_Button_LCD\lcd\lcd.c
          LcdPrintStringS   0x001810    program     extern D:\Bai3_Button_LCD\lcd\lcd.c
             Led7segmentA   0x0008ac    program     extern D:\Bai3_Button_LCD\main.c
             Led7segmentB   0x000a36    program     extern D:\Bai3_Button_LCD\main.c
                   OFFALL   0x000b9c    program     extern D:\Bai3_Button_LCD\main.c
               OpenOutput   0x000178    program     extern D:\Bai3_Button_LCD\main.c
            ReverseOutput   0x0001c4    program     extern D:\Bai3_Button_LCD\main.c
             SetTimer0_ms   0x001c04    program     extern D:\Bai3_Button_LCD\timer\timer.c
             SetTimer1_ms   0x001c1c    program     extern D:\Bai3_Button_LCD\timer\timer.c
             SetTimer3_ms   0x001c4e    program     extern D:\Bai3_Button_LCD\timer\timer.c
                StageR1G2   0x000bae    program     extern D:\Bai3_Button_LCD\main.c
                StageR2G1   0x000bc0    program     extern D:\Bai3_Button_LCD\main.c
                StageY1R2   0x000bca    program     extern D:\Bai3_Button_LCD\main.c
                StageY2R1   0x000bb6    program     extern D:\Bai3_Button_LCD\main.c
               TestOutput   0x0001f4    program     extern D:\Bai3_Button_LCD\main.c
                YELLOWOFF   0x000bac    program     extern D:\Bai3_Button_LCD\main.c
                 YELLOWON   0x000b9e    program     extern D:\Bai3_Button_LCD\main.c
       ___return_lbl00000   0x000004    program     static                          
       ___return_lbl00000   0x0023d4    program     static                          
       ___return_lbl00000   0x00236e    program     static                          
       ___return_lbl00000   0x0023a8    program     static                          
       ___return_lbl00000   0x002326    program     static                          
       ___return_lbl00001   0x002410    program     static                          
       ___return_lbl00002   0x00001c    program     static                          
       ___return_lbl00002   0x0022b6    program     static                          
       ___return_lbl00003   0x00000c    program     static                          
               __config_0   0x300001    program     static D:\Bai3_Button_LCD\main.c
               __config_1   0x300002    program     static D:\Bai3_Button_LCD\main.c
              __config_10   0x30000d    program     static D:\Bai3_Button_LCD\main.c
               __config_2   0x300003    program     static D:\Bai3_Button_LCD\main.c
               __config_3   0x300005    program     static D:\Bai3_Button_LCD\main.c
               __config_4   0x300006    program     static D:\Bai3_Button_LCD\main.c
               __config_5   0x300008    program     static D:\Bai3_Button_LCD\main.c
               __config_6   0x300009    program     static D:\Bai3_Button_LCD\main.c
               __config_7   0x30000a    program     static D:\Bai3_Button_LCD\main.c
               __config_8   0x30000b    program     static D:\Bai3_Button_LCD\main.c
               __config_9   0x30000c    program     static D:\Bai3_Button_LCD\main.c
                   __init   0x000006    program     extern E:\3.46\pic18-lt\cxx-framework\src\traditional\stdclib\__init.c
                   __pa_0   0x001842    program     static D:\Bai3_Button_LCD\lcd\lcd.c
                   __pa_0   0x001c80    program     static D:\Bai3_Button_LCD\timer\timer.c
                   __pa_0   0x001fa6    program     static D:\Bai3_Button_LCD\interrupt\interrupt.c
                   __pa_0   0x000df6    program     static D:\Bai3_Button_LCD\main.c
                   __pa_0   0x001e68    program     static D:\Bai3_Button_LCD\button_matrix\button.c
                   __pa_1   0x001fd0    program     static D:\Bai3_Button_LCD\interrupt\interrupt.c
                   __pa_1   0x000e00    program     static D:\Bai3_Button_LCD\main.c
                   __pa_1   0x001e78    program     static D:\Bai3_Button_LCD\button_matrix\button.c
                   __pa_1   0x001cac    program     static D:\Bai3_Button_LCD\timer\timer.c
                   __pa_1   0x001850    program     static D:\Bai3_Button_LCD\lcd\lcd.c
                  __pa_10   0x001d1e    program     static D:\Bai3_Button_LCD\timer\timer.c
                  __pa_10   0x0018f6    program     static D:\Bai3_Button_LCD\lcd\lcd.c
                  __pa_10   0x000e98    program     static D:\Bai3_Button_LCD\main.c
                 __pa_100   0x001352    program     static D:\Bai3_Button_LCD\main.c
                 __pa_101   0x001358    program     static D:\Bai3_Button_LCD\main.c
                  __pa_11   0x000eb0    program     static D:\Bai3_Button_LCD\main.c
                  __pa_11   0x001910    program     static D:\Bai3_Button_LCD\lcd\lcd.c
                  __pa_12   0x000ec8    program     static D:\Bai3_Button_LCD\main.c
                  __pa_12   0x001918    program     static D:\Bai3_Button_LCD\lcd\lcd.c
                  __pa_13   0x000ef0    program     static D:\Bai3_Button_LCD\main.c
                  __pa_13   0x001930    program     static D:\Bai3_Button_LCD\lcd\lcd.c
                  __pa_14   0x000efa    program     static D:\Bai3_Button_LCD\main.c
                  __pa_14   0x001942    program     static D:\Bai3_Button_LCD\lcd\lcd.c
                  __pa_15   0x000f00    program     static D:\Bai3_Button_LCD\main.c
                  __pa_15   0x00194e    program     static D:\Bai3_Button_LCD\lcd\lcd.c
                  __pa_16   0x000f30    program     static D:\Bai3_Button_LCD\main.c
                  __pa_16   0x001960    program     static D:\Bai3_Button_LCD\lcd\lcd.c
                  __pa_17   0x000f40    program     static D:\Bai3_Button_LCD\main.c
                  __pa_17   0x001972    program     static D:\Bai3_Button_LCD\lcd\lcd.c
                  __pa_18   0x00197c    program     static D:\Bai3_Button_LCD\lcd\lcd.c
                  __pa_18   0x000f50    program     static D:\Bai3_Button_LCD\main.c
                  __pa_19   0x001984    program     static D:\Bai3_Button_LCD\lcd\lcd.c
                  __pa_19   0x000f76    program     static D:\Bai3_Button_LCD\main.c
                   __pa_2   0x001ff6    program     static D:\Bai3_Button_LCD\interrupt\interrupt.c
                   __pa_2   0x000e18    program     static D:\Bai3_Button_LCD\main.c
                   __pa_2   0x001e84    program     static D:\Bai3_Button_LCD\button_matrix\button.c
                   __pa_2   0x001cb6    program     static D:\Bai3_Button_LCD\timer\timer.c
                   __pa_2   0x00185e    program     static D:\Bai3_Button_LCD\lcd\lcd.c
                  __pa_20   0x000f80    program     static D:\Bai3_Button_LCD\main.c
                  __pa_20   0x001992    program     static D:\Bai3_Button_LCD\lcd\lcd.c
                  __pa_21   0x000f88    program     static D:\Bai3_Button_LCD\main.c
                  __pa_21   0x0019a0    program     static D:\Bai3_Button_LCD\lcd\lcd.c
                  __pa_22   0x000f94    program     static D:\Bai3_Button_LCD\main.c
                  __pa_22   0x0019aa    program     static D:\Bai3_Button_LCD\lcd\lcd.c
                  __pa_23   0x0019bc    program     static D:\Bai3_Button_LCD\lcd\lcd.c
                  __pa_23   0x000fa4    program     static D:\Bai3_Button_LCD\main.c
                  __pa_24   0x0019ca    program     static D:\Bai3_Button_LCD\lcd\lcd.c
                  __pa_24   0x000fb0    program     static D:\Bai3_Button_LCD\main.c
                  __pa_25   0x000fba    program     static D:\Bai3_Button_LCD\main.c
                  __pa_25   0x0019d4    program     static D:\Bai3_Button_LCD\lcd\lcd.c
                  __pa_26   0x000fc4    program     static D:\Bai3_Button_LCD\main.c
                  __pa_26   0x0019ea    program     static D:\Bai3_Button_LCD\lcd\lcd.c
                  __pa_27   0x000fce    program     static D:\Bai3_Button_LCD\main.c
                  __pa_27   0x0019fc    program     static D:\Bai3_Button_LCD\lcd\lcd.c
                  __pa_28   0x000fd8    program     static D:\Bai3_Button_LCD\main.c
                  __pa_28   0x001a12    program     static D:\Bai3_Button_LCD\lcd\lcd.c
                  __pa_29   0x001a1c    program     static D:\Bai3_Button_LCD\lcd\lcd.c
                  __pa_29   0x000fe2    program     static D:\Bai3_Button_LCD\main.c
                   __pa_3   0x001868    program     static D:\Bai3_Button_LCD\lcd\lcd.c
                   __pa_3   0x001e8e    program     static D:\Bai3_Button_LCD\button_matrix\button.c
                   __pa_3   0x001cbe    program     static D:\Bai3_Button_LCD\timer\timer.c
                   __pa_3   0x000e22    program     static D:\Bai3_Button_LCD\main.c
                   __pa_3   0x002004    program     static D:\Bai3_Button_LCD\interrupt\interrupt.c
                  __pa_30   0x000fec    program     static D:\Bai3_Button_LCD\main.c
                  __pa_30   0x001a24    program     static D:\Bai3_Button_LCD\lcd\lcd.c
                  __pa_31   0x000ffc    program     static D:\Bai3_Button_LCD\main.c
                  __pa_31   0x001a30    program     static D:\Bai3_Button_LCD\lcd\lcd.c
                  __pa_32   0x001a42    program     static D:\Bai3_Button_LCD\lcd\lcd.c
                  __pa_32   0x00100c    program     static D:\Bai3_Button_LCD\main.c
                  __pa_33   0x001a54    program     static D:\Bai3_Button_LCD\lcd\lcd.c
                  __pa_33   0x001016    program     static D:\Bai3_Button_LCD\main.c
                  __pa_34   0x001a66    program     static D:\Bai3_Button_LCD\lcd\lcd.c
                  __pa_34   0x001022    program     static D:\Bai3_Button_LCD\main.c
                  __pa_35   0x001a70    program     static D:\Bai3_Button_LCD\lcd\lcd.c
                  __pa_35   0x00102e    program     static D:\Bai3_Button_LCD\main.c
                  __pa_36   0x001a7e    program     static D:\Bai3_Button_LCD\lcd\lcd.c
                  __pa_36   0x00103a    program     static D:\Bai3_Button_LCD\main.c
                  __pa_37   0x001a8c    program     static D:\Bai3_Button_LCD\lcd\lcd.c
                  __pa_37   0x001050    program     static D:\Bai3_Button_LCD\main.c
                  __pa_38   0x001a98    program     static D:\Bai3_Button_LCD\lcd\lcd.c
                  __pa_38   0x001066    program     static D:\Bai3_Button_LCD\main.c
                  __pa_39   0x00106e    program     static D:\Bai3_Button_LCD\main.c
                  __pa_39   0x001aa4    program     static D:\Bai3_Button_LCD\lcd\lcd.c
                   __pa_4   0x001870    program     static D:\Bai3_Button_LCD\lcd\lcd.c
                   __pa_4   0x002012    program     static D:\Bai3_Button_LCD\interrupt\interrupt.c
                   __pa_4   0x001cc6    program     static D:\Bai3_Button_LCD\timer\timer.c
                   __pa_4   0x000e34    program     static D:\Bai3_Button_LCD\main.c
                   __pa_4   0x001ea0    program     static D:\Bai3_Button_LCD\button_matrix\button.c
                  __pa_40   0x00107c    program     static D:\Bai3_Button_LCD\main.c
                  __pa_40   0x001ab0    program     static D:\Bai3_Button_LCD\lcd\lcd.c
                  __pa_41   0x001084    program     static D:\Bai3_Button_LCD\main.c
                  __pa_41   0x001ab8    program     static D:\Bai3_Button_LCD\lcd\lcd.c
                  __pa_42   0x001abe    program     static D:\Bai3_Button_LCD\lcd\lcd.c
                  __pa_42   0x001092    program     static D:\Bai3_Button_LCD\main.c
                  __pa_43   0x00109a    program     static D:\Bai3_Button_LCD\main.c
                  __pa_44   0x0010ac    program     static D:\Bai3_Button_LCD\main.c
                  __pa_45   0x0010be    program     static D:\Bai3_Button_LCD\main.c
                  __pa_46   0x0010c6    program     static D:\Bai3_Button_LCD\main.c
                  __pa_47   0x0010d6    program     static D:\Bai3_Button_LCD\main.c
                  __pa_48   0x0010e4    program     static D:\Bai3_Button_LCD\main.c
                  __pa_49   0x0010ec    program     static D:\Bai3_Button_LCD\main.c
                   __pa_5   0x001ec0    program     static D:\Bai3_Button_LCD\button_matrix\button.c
                   __pa_5   0x001cd6    program     static D:\Bai3_Button_LCD\timer\timer.c
                   __pa_5   0x001882    program     static D:\Bai3_Button_LCD\lcd\lcd.c
                   __pa_5   0x000e3a    program     static D:\Bai3_Button_LCD\main.c
                  __pa_50   0x0010fa    program     static D:\Bai3_Button_LCD\main.c
                  __pa_51   0x001104    program     static D:\Bai3_Button_LCD\main.c
                  __pa_52   0x00110e    program     static D:\Bai3_Button_LCD\main.c
                  __pa_53   0x001112    program     static D:\Bai3_Button_LCD\main.c
                  __pa_54   0x00111c    program     static D:\Bai3_Button_LCD\main.c
                  __pa_55   0x001126    program     static D:\Bai3_Button_LCD\main.c
                  __pa_56   0x001160    program     static D:\Bai3_Button_LCD\main.c
                  __pa_57   0x001174    program     static D:\Bai3_Button_LCD\main.c
                  __pa_58   0x00117c    program     static D:\Bai3_Button_LCD\main.c
                  __pa_59   0x001188    program     static D:\Bai3_Button_LCD\main.c
                   __pa_6   0x001ce6    program     static D:\Bai3_Button_LCD\timer\timer.c
                   __pa_6   0x0018a0    program     static D:\Bai3_Button_LCD\lcd\lcd.c
                   __pa_6   0x000e4c    program     static D:\Bai3_Button_LCD\main.c
                  __pa_60   0x001198    program     static D:\Bai3_Button_LCD\main.c
                  __pa_61   0x00119e    program     static D:\Bai3_Button_LCD\main.c
                  __pa_62   0x0011a4    program     static D:\Bai3_Button_LCD\main.c
                  __pa_63   0x0011b0    program     static D:\Bai3_Button_LCD\main.c
                  __pa_64   0x0011c0    program     static D:\Bai3_Button_LCD\main.c
                  __pa_65   0x0011ca    program     static D:\Bai3_Button_LCD\main.c
                  __pa_66   0x0011d2    program     static D:\Bai3_Button_LCD\main.c
                  __pa_67   0x0011e8    program     static D:\Bai3_Button_LCD\main.c
                  __pa_68   0x0011f8    program     static D:\Bai3_Button_LCD\main.c
                  __pa_69   0x001208    program     static D:\Bai3_Button_LCD\main.c
                   __pa_7   0x001cf4    program     static D:\Bai3_Button_LCD\timer\timer.c
                   __pa_7   0x0018b8    program     static D:\Bai3_Button_LCD\lcd\lcd.c
                   __pa_7   0x000e58    program     static D:\Bai3_Button_LCD\main.c
                  __pa_70   0x001212    program     static D:\Bai3_Button_LCD\main.c
                  __pa_71   0x00121a    program     static D:\Bai3_Button_LCD\main.c
                  __pa_72   0x001222    program     static D:\Bai3_Button_LCD\main.c
                  __pa_73   0x00122a    program     static D:\Bai3_Button_LCD\main.c
                  __pa_74   0x001232    program     static D:\Bai3_Button_LCD\main.c
                  __pa_75   0x001242    program     static D:\Bai3_Button_LCD\main.c
                  __pa_76   0x00124e    program     static D:\Bai3_Button_LCD\main.c
                  __pa_77   0x001256    program     static D:\Bai3_Button_LCD\main.c
                  __pa_78   0x00125e    program     static D:\Bai3_Button_LCD\main.c
                  __pa_79   0x001268    program     static D:\Bai3_Button_LCD\main.c
                   __pa_8   0x000e66    program     static D:\Bai3_Button_LCD\main.c
                   __pa_8   0x001d02    program     static D:\Bai3_Button_LCD\timer\timer.c
                   __pa_8   0x0018d2    program     static D:\Bai3_Button_LCD\lcd\lcd.c
                  __pa_80   0x001270    program     static D:\Bai3_Button_LCD\main.c
                  __pa_81   0x001278    program     static D:\Bai3_Button_LCD\main.c
                  __pa_82   0x001286    program     static D:\Bai3_Button_LCD\main.c
                  __pa_83   0x001290    program     static D:\Bai3_Button_LCD\main.c
                  __pa_84   0x00129e    program     static D:\Bai3_Button_LCD\main.c
                  __pa_85   0x0012ac    program     static D:\Bai3_Button_LCD\main.c
                  __pa_86   0x0012b4    program     static D:\Bai3_Button_LCD\main.c
                  __pa_87   0x0012c2    program     static D:\Bai3_Button_LCD\main.c
                  __pa_88   0x0012ce    program     static D:\Bai3_Button_LCD\main.c
                  __pa_89   0x0012da    program     static D:\Bai3_Button_LCD\main.c
                   __pa_9   0x0018ec    program     static D:\Bai3_Button_LCD\lcd\lcd.c
                   __pa_9   0x001d10    program     static D:\Bai3_Button_LCD\timer\timer.c
                   __pa_9   0x000e70    program     static D:\Bai3_Button_LCD\main.c
                  __pa_90   0x0012ec    program     static D:\Bai3_Button_LCD\main.c
                  __pa_91   0x0012f8    program     static D:\Bai3_Button_LCD\main.c
                  __pa_92   0x001302    program     static D:\Bai3_Button_LCD\main.c
                  __pa_93   0x00130c    program     static D:\Bai3_Button_LCD\main.c
                  __pa_94   0x001318    program     static D:\Bai3_Button_LCD\main.c
                  __pa_95   0x001322    program     static D:\Bai3_Button_LCD\main.c
                  __pa_96   0x00132c    program     static D:\Bai3_Button_LCD\main.c
                  __pa_97   0x00133a    program     static D:\Bai3_Button_LCD\main.c
                  __pa_98   0x001342    program     static D:\Bai3_Button_LCD\main.c
                  __pa_99   0x00134a    program     static D:\Bai3_Button_LCD\main.c
               __string_0   0x00220b    program     static D:\Bai3_Button_LCD\main.c
               __string_1   0x0021fd    program     static D:\Bai3_Button_LCD\main.c
              __string_10   0x002182    program     static D:\Bai3_Button_LCD\main.c
              __string_11   0x002172    program     static D:\Bai3_Button_LCD\main.c
              __string_12   0x002161    program     static D:\Bai3_Button_LCD\main.c
              __string_13   0x002156    program     static D:\Bai3_Button_LCD\main.c
              __string_14   0x00214a    program     static D:\Bai3_Button_LCD\main.c
              __string_15   0x002148    program     static D:\Bai3_Button_LCD\main.c
              __string_16   0x002146    program     static D:\Bai3_Button_LCD\main.c
              __string_17   0x002144    program     static D:\Bai3_Button_LCD\main.c
              __string_18   0x002142    program     static D:\Bai3_Button_LCD\main.c
              __string_19   0x002140    program     static D:\Bai3_Button_LCD\main.c
               __string_2   0x0021ec    program     static D:\Bai3_Button_LCD\main.c
              __string_20   0x00213e    program     static D:\Bai3_Button_LCD\main.c
              __string_21   0x00213c    program     static D:\Bai3_Button_LCD\main.c
              __string_22   0x00213a    program     static D:\Bai3_Button_LCD\main.c
              __string_23   0x002138    program     static D:\Bai3_Button_LCD\main.c
              __string_24   0x002136    program     static D:\Bai3_Button_LCD\main.c
              __string_25   0x002134    program     static D:\Bai3_Button_LCD\main.c
              __string_26   0x002132    program     static D:\Bai3_Button_LCD\main.c
              __string_27   0x002130    program     static D:\Bai3_Button_LCD\main.c
              __string_28   0x00212e    program     static D:\Bai3_Button_LCD\main.c
               __string_3   0x0021dd    program     static D:\Bai3_Button_LCD\main.c
               __string_4   0x0021cd    program     static D:\Bai3_Button_LCD\main.c
               __string_5   0x0021bf    program     static D:\Bai3_Button_LCD\main.c
               __string_6   0x0021bd    program     static D:\Bai3_Button_LCD\main.c
               __string_7   0x0021ad    program     static D:\Bai3_Button_LCD\main.c
               __string_8   0x00219f    program     static D:\Bai3_Button_LCD\main.c
               __string_9   0x00218e    program     static D:\Bai3_Button_LCD\main.c
              __tmplbl_32   0x000f80    program     static                          
              __tmplbl_33   0x000f80    program     static                          
              __tmplbl_34   0x000f80    program     static                          
              __tmplbl_35   0x000f80    program     static                          
              __tmplbl_36   0x000f80    program     static                          
            __zero_memory   0x0023d6    program     extern E:\3.46\pic18-lt\cxx-framework\src\traditional\proc\p18f4620.asm
                _do_cinit   0x00221a    program     extern E:\3.46\pic18-lt\cxx-framework\src\traditional\startup\c018i.c
                   _entry   0x000000    program     extern E:\3.46\pic18-lt\cxx-framework\src\traditional\startup\c018i.c
                   _false   0x00236a    program     static                          
                   _false   0x0023a4    program     static                          
                 _startup   0x0023f6    program     extern E:\3.46\pic18-lt\cxx-framework\src\traditional\startup\c018i.c
                compare_l   0x0023ec    program     static E:\3.46\pic18-lt\cxx-framework\src\traditional\proc\p18f4620.asm
                copy_loop   0x00228c    program     static                          
            copy_one_byte   0x002292    program     static                          
                 delay_ms   0x00008a    program     extern D:\Bai3_Button_LCD\main.c
                     done   0x0022b6    program     static                          
             done_copying   0x0022a0    program     static                          
                  endloop   0x0023d0    program     static                          
                 high_isr   0x001f48    program     extern D:\Bai3_Button_LCD\interrupt\interrupt.c
            init_ext_int0   0x001ece    program     extern D:\Bai3_Button_LCD\interrupt\interrupt.c
           init_interrupt   0x001ec6    program     extern D:\Bai3_Button_LCD\interrupt\interrupt.c
          init_key_matrix   0x001d2c    program     extern D:\Bai3_Button_LCD\button_matrix\button.c
                 init_lcd   0x001428    program     extern D:\Bai3_Button_LCD\lcd\lcd.c
              init_output   0x0000f6    program     extern D:\Bai3_Button_LCD\main.c
              init_system   0x0000fe    program     extern D:\Bai3_Button_LCD\main.c
              init_timer0   0x001ac8    program     extern D:\Bai3_Button_LCD\timer\timer.c
              init_timer1   0x001af4    program     extern D:\Bai3_Button_LCD\timer\timer.c
              init_timer2   0x001b26    program     extern D:\Bai3_Button_LCD\timer\timer.c
              init_timer3   0x001b52    program     extern D:\Bai3_Button_LCD\timer\timer.c
                    innum   0x000cb8    program     extern D:\Bai3_Button_LCD\main.c
                isButton1   0x000290    program     extern D:\Bai3_Button_LCD\main.c
                isButton2   0x0002a0    program     extern D:\Bai3_Button_LCD\main.c
             isButtonDown   0x000280    program     extern D:\Bai3_Button_LCD\main.c
            isButtonEnter   0x0002b0    program     extern D:\Bai3_Button_LCD\main.c
           isButtonNumber   0x000c6a    program     extern D:\Bai3_Button_LCD\main.c
               isButtonUp   0x000254    program     extern D:\Bai3_Button_LCD\main.c
                lcd_clear   0x00163a    program     extern D:\Bai3_Button_LCD\lcd\lcd.c
                lcd_delay   0x001360    program     extern D:\Bai3_Button_LCD\lcd\lcd.c
             lcd_power_of   0x0014bc    program     extern D:\Bai3_Button_LCD\lcd\lcd.c
           lcd_print_char   0x00147e    program     extern D:\Bai3_Button_LCD\lcd\lcd.c
          lcd_print_charS   0x00167a    program     extern D:\Bai3_Button_LCD\lcd\lcd.c
            lcd_print_num   0x001566    program     extern D:\Bai3_Button_LCD\lcd\lcd.c
            lcd_print_str   0x00148c    program     extern D:\Bai3_Button_LCD\lcd\lcd.c
         lcd_send_command   0x001416    program     extern D:\Bai3_Button_LCD\lcd\lcd.c
           lcd_set_cursor   0x001610    program     extern D:\Bai3_Button_LCD\lcd\lcd.c
          lcd_write_4bits   0x00145e    program     extern D:\Bai3_Button_LCD\lcd\lcd.c
            lcd_write_cmd   0x00146c    program     extern D:\Bai3_Button_LCD\lcd\lcd.c
           lcd_write_data   0x001474    program     extern D:\Bai3_Button_LCD\lcd\lcd.c
                     loop   0x002406    program     static                          
                     loop   0x002336    program     static                          
                     loop   0x00237c    program     static                          
                     loop   0x0023b4    program     static                          
                   loop_h   0x0023e4    program     static E:\3.46\pic18-lt\cxx-framework\src\traditional\proc\p18f4620.asm
                   loop_l   0x0023ee    program     static E:\3.46\pic18-lt\cxx-framework\src\traditional\proc\p18f4620.asm
                  low_isr   0x001ed6    program     extern D:\Bai3_Button_LCD\interrupt\interrupt.c
                     main   0x00005c    program     extern D:\Bai3_Button_LCD\main.c
          scan_key_button   0x001d34    program     extern D:\Bai3_Button_LCD\button_matrix\button.c
          scan_key_matrix   0x001d98    program     extern D:\Bai3_Button_LCD\button_matrix\button.c
             start_timer0   0x001aee    program     extern D:\Bai3_Button_LCD\timer\timer.c
             start_timer1   0x001b1c    program     extern D:\Bai3_Button_LCD\timer\timer.c
             start_timer2   0x001b46    program     extern D:\Bai3_Button_LCD\timer\timer.c
             start_timer3   0x001b80    program     extern D:\Bai3_Button_LCD\timer\timer.c
              stop_timer0   0x001aea    program     extern D:\Bai3_Button_LCD\timer\timer.c
              stop_timer1   0x001b22    program     extern D:\Bai3_Button_LCD\timer\timer.c
              stop_timer2   0x001b4e    program     extern D:\Bai3_Button_LCD\timer\timer.c
              stop_timer3   0x001b90    program     extern D:\Bai3_Button_LCD\timer\timer.c
                     test   0x002234    program     static                          
               timer0_isr   0x001b94    program     extern D:\Bai3_Button_LCD\timer\timer.c
               timer1_isr   0x001bb0    program     extern D:\Bai3_Button_LCD\timer\timer.c
               timer2_isr   0x001bcc    program     extern D:\Bai3_Button_LCD\timer\timer.c
               timer3_isr   0x001be8    program     extern D:\Bai3_Button_LCD\timer\timer.c
                 v_timer0   0x0013b4    program     extern D:\Bai3_Button_LCD\lcd\lcd.c
               zero_block   0x0023e4    program     static E:\3.46\pic18-lt\cxx-framework\src\traditional\proc\p18f4620.asm
                   ADCON0   0x000fc2       data     extern E:\3.46\pic18-lt\cxx-framework\src\traditional\proc\p18f4620.asm
               ADCON0bits   0x000fc2       data     extern E:\3.46\pic18-lt\cxx-framework\src\traditional\proc\p18f4620.asm
                   ADCON1   0x000fc1       data     extern E:\3.46\pic18-lt\cxx-framework\src\traditional\proc\p18f4620.asm
               ADCON1bits   0x000fc1       data     extern E:\3.46\pic18-lt\cxx-framework\src\traditional\proc\p18f4620.asm
                   ADCON2   0x000fc0       data     extern E:\3.46\pic18-lt\cxx-framework\src\traditional\proc\p18f4620.asm
               ADCON2bits   0x000fc0       data     extern E:\3.46\pic18-lt\cxx-framework\src\traditional\proc\p18f4620.asm
                    ADRES   0x000fc3       data     extern E:\3.46\pic18-lt\cxx-framework\src\traditional\proc\p18f4620.asm
                   ADRESH   0x000fc4       data     extern E:\3.46\pic18-lt\cxx-framework\src\traditional\proc\p18f4620.asm
                   ADRESL   0x000fc3       data     extern E:\3.46\pic18-lt\cxx-framework\src\traditional\proc\p18f4620.asm
                  BAUDCON   0x000fb8       data     extern E:\3.46\pic18-lt\cxx-framework\src\traditional\proc\p18f4620.asm
              BAUDCONbits   0x000fb8       data     extern E:\3.46\pic18-lt\cxx-framework\src\traditional\proc\p18f4620.asm
                  BAUDCTL   0x000fb8       data     extern E:\3.46\pic18-lt\cxx-framework\src\traditional\proc\p18f4620.asm
              BAUDCTLbits   0x000fb8       data     extern E:\3.46\pic18-lt\cxx-framework\src\traditional\proc\p18f4620.asm
                      BSR   0x000fe0       data     extern E:\3.46\pic18-lt\cxx-framework\src\traditional\proc\p18f4620.asm
                  CCP1CON   0x000fbd       data     extern E:\3.46\pic18-lt\cxx-framework\src\traditional\proc\p18f4620.asm
              CCP1CONbits   0x000fbd       data     extern E:\3.46\pic18-lt\cxx-framework\src\traditional\proc\p18f4620.asm
                  CCP2CON   0x000fba       data     extern E:\3.46\pic18-lt\cxx-framework\src\traditional\proc\p18f4620.asm
              CCP2CONbits   0x000fba       data     extern E:\3.46\pic18-lt\cxx-framework\src\traditional\proc\p18f4620.asm
                    CCPR1   0x000fbe       data     extern E:\3.46\pic18-lt\cxx-framework\src\traditional\proc\p18f4620.asm
                   CCPR1H   0x000fbf       data     extern E:\3.46\pic18-lt\cxx-framework\src\traditional\proc\p18f4620.asm
                   CCPR1L   0x000fbe       data     extern E:\3.46\pic18-lt\cxx-framework\src\traditional\proc\p18f4620.asm
                    CCPR2   0x000fbb       data     extern E:\3.46\pic18-lt\cxx-framework\src\traditional\proc\p18f4620.asm
                   CCPR2H   0x000fbc       data     extern E:\3.46\pic18-lt\cxx-framework\src\traditional\proc\p18f4620.asm
                   CCPR2L   0x000fbb       data     extern E:\3.46\pic18-lt\cxx-framework\src\traditional\proc\p18f4620.asm
                    CMCON   0x000fb4       data     extern E:\3.46\pic18-lt\cxx-framework\src\traditional\proc\p18f4620.asm
                CMCONbits   0x000fb4       data     extern E:\3.46\pic18-lt\cxx-framework\src\traditional\proc\p18f4620.asm
                   CVRCON   0x000fb5       data     extern E:\3.46\pic18-lt\cxx-framework\src\traditional\proc\p18f4620.asm
               CVRCONbits   0x000fb5       data     extern E:\3.46\pic18-lt\cxx-framework\src\traditional\proc\p18f4620.asm
                     DDRA   0x000f92       data     extern E:\3.46\pic18-lt\cxx-framework\src\traditional\proc\p18f4620.asm
                 DDRAbits   0x000f92       data     extern E:\3.46\pic18-lt\cxx-framework\src\traditional\proc\p18f4620.asm
                     DDRB   0x000f93       data     extern E:\3.46\pic18-lt\cxx-framework\src\traditional\proc\p18f4620.asm
                 DDRBbits   0x000f93       data     extern E:\3.46\pic18-lt\cxx-framework\src\traditional\proc\p18f4620.asm
                     DDRC   0x000f94       data     extern E:\3.46\pic18-lt\cxx-framework\src\traditional\proc\p18f4620.asm
                 DDRCbits   0x000f94       data     extern E:\3.46\pic18-lt\cxx-framework\src\traditional\proc\p18f4620.asm
                     DDRD   0x000f95       data     extern E:\3.46\pic18-lt\cxx-framework\src\traditional\proc\p18f4620.asm
                 DDRDbits   0x000f95       data     extern E:\3.46\pic18-lt\cxx-framework\src\traditional\proc\p18f4620.asm
                     DDRE   0x000f96       data     extern E:\3.46\pic18-lt\cxx-framework\src\traditional\proc\p18f4620.asm
                 DDREbits   0x000f96       data     extern E:\3.46\pic18-lt\cxx-framework\src\traditional\proc\p18f4620.asm
                  ECCP1AS   0x000fb6       data     extern E:\3.46\pic18-lt\cxx-framework\src\traditional\proc\p18f4620.asm
              ECCP1ASbits   0x000fb6       data     extern E:\3.46\pic18-lt\cxx-framework\src\traditional\proc\p18f4620.asm
                    EEADR   0x000fa9       data     extern E:\3.46\pic18-lt\cxx-framework\src\traditional\proc\p18f4620.asm
                   EEADRH   0x000faa       data     extern E:\3.46\pic18-lt\cxx-framework\src\traditional\proc\p18f4620.asm
                   EECON1   0x000fa6       data     extern E:\3.46\pic18-lt\cxx-framework\src\traditional\proc\p18f4620.asm
               EECON1bits   0x000fa6       data     extern E:\3.46\pic18-lt\cxx-framework\src\traditional\proc\p18f4620.asm
                   EECON2   0x000fa7       data     extern E:\3.46\pic18-lt\cxx-framework\src\traditional\proc\p18f4620.asm
                   EEDATA   0x000fa8       data     extern E:\3.46\pic18-lt\cxx-framework\src\traditional\proc\p18f4620.asm
                     FSR0   0x000fe9       data     extern E:\3.46\pic18-lt\cxx-framework\src\traditional\proc\p18f4620.asm
                    FSR0H   0x000fea       data     extern E:\3.46\pic18-lt\cxx-framework\src\traditional\proc\p18f4620.asm
                    FSR0L   0x000fe9       data     extern E:\3.46\pic18-lt\cxx-framework\src\traditional\proc\p18f4620.asm
                     FSR1   0x000fe1       data     extern E:\3.46\pic18-lt\cxx-framework\src\traditional\proc\p18f4620.asm
                    FSR1H   0x000fe2       data     extern E:\3.46\pic18-lt\cxx-framework\src\traditional\proc\p18f4620.asm
                    FSR1L   0x000fe1       data     extern E:\3.46\pic18-lt\cxx-framework\src\traditional\proc\p18f4620.asm
                     FSR2   0x000fd9       data     extern E:\3.46\pic18-lt\cxx-framework\src\traditional\proc\p18f4620.asm
                    FSR2H   0x000fda       data     extern E:\3.46\pic18-lt\cxx-framework\src\traditional\proc\p18f4620.asm
                    FSR2L   0x000fd9       data     extern E:\3.46\pic18-lt\cxx-framework\src\traditional\proc\p18f4620.asm
                   GREEN1   0x000082       data     extern D:\Bai3_Button_LCD\main.c
                   GREEN2   0x000088       data     extern D:\Bai3_Button_LCD\main.c
                Greentime   0x000095       data     extern D:\Bai3_Button_LCD\main.c
            GreentimeDown   0x00009d       data     extern D:\Bai3_Button_LCD\main.c
                  HLVDCON   0x000fd2       data     extern E:\3.46\pic18-lt\cxx-framework\src\traditional\proc\p18f4620.asm
              HLVDCONbits   0x000fd2       data     extern E:\3.46\pic18-lt\cxx-framework\src\traditional\proc\p18f4620.asm
                    INDF0   0x000fef       data     extern E:\3.46\pic18-lt\cxx-framework\src\traditional\proc\p18f4620.asm
                    INDF1   0x000fe7       data     extern E:\3.46\pic18-lt\cxx-framework\src\traditional\proc\p18f4620.asm
                    INDF2   0x000fdf       data     extern E:\3.46\pic18-lt\cxx-framework\src\traditional\proc\p18f4620.asm
                   INTCON   0x000ff2       data     extern E:\3.46\pic18-lt\cxx-framework\src\traditional\proc\p18f4620.asm
                  INTCON2   0x000ff1       data     extern E:\3.46\pic18-lt\cxx-framework\src\traditional\proc\p18f4620.asm
              INTCON2bits   0x000ff1       data     extern E:\3.46\pic18-lt\cxx-framework\src\traditional\proc\p18f4620.asm
                  INTCON3   0x000ff0       data     extern E:\3.46\pic18-lt\cxx-framework\src\traditional\proc\p18f4620.asm
              INTCON3bits   0x000ff0       data     extern E:\3.46\pic18-lt\cxx-framework\src\traditional\proc\p18f4620.asm
               INTCONbits   0x000ff2       data     extern E:\3.46\pic18-lt\cxx-framework\src\traditional\proc\p18f4620.asm
                     IPR1   0x000f9f       data     extern E:\3.46\pic18-lt\cxx-framework\src\traditional\proc\p18f4620.asm
                 IPR1bits   0x000f9f       data     extern E:\3.46\pic18-lt\cxx-framework\src\traditional\proc\p18f4620.asm
                     IPR2   0x000fa2       data     extern E:\3.46\pic18-lt\cxx-framework\src\traditional\proc\p18f4620.asm
                 IPR2bits   0x000fa2       data     extern E:\3.46\pic18-lt\cxx-framework\src\traditional\proc\p18f4620.asm
                     LATA   0x000f89       data     extern E:\3.46\pic18-lt\cxx-framework\src\traditional\proc\p18f4620.asm
                 LATAbits   0x000f89       data     extern E:\3.46\pic18-lt\cxx-framework\src\traditional\proc\p18f4620.asm
                     LATB   0x000f8a       data     extern E:\3.46\pic18-lt\cxx-framework\src\traditional\proc\p18f4620.asm
                 LATBbits   0x000f8a       data     extern E:\3.46\pic18-lt\cxx-framework\src\traditional\proc\p18f4620.asm
                     LATC   0x000f8b       data     extern E:\3.46\pic18-lt\cxx-framework\src\traditional\proc\p18f4620.asm
                 LATCbits   0x000f8b       data     extern E:\3.46\pic18-lt\cxx-framework\src\traditional\proc\p18f4620.asm
                     LATD   0x000f8c       data     extern E:\3.46\pic18-lt\cxx-framework\src\traditional\proc\p18f4620.asm
                 LATDbits   0x000f8c       data     extern E:\3.46\pic18-lt\cxx-framework\src\traditional\proc\p18f4620.asm
                     LATE   0x000f8d       data     extern E:\3.46\pic18-lt\cxx-framework\src\traditional\proc\p18f4620.asm
                 LATEbits   0x000f8d       data     extern E:\3.46\pic18-lt\cxx-framework\src\traditional\proc\p18f4620.asm
                   LVDCON   0x000fd2       data     extern E:\3.46\pic18-lt\cxx-framework\src\traditional\proc\p18f4620.asm
               LVDCONbits   0x000fd2       data     extern E:\3.46\pic18-lt\cxx-framework\src\traditional\proc\p18f4620.asm
                LcdScreen   0x0000dd       data     extern D:\Bai3_Button_LCD\lcd\lcd.c
                   OSCCON   0x000fd3       data     extern E:\3.46\pic18-lt\cxx-framework\src\traditional\proc\p18f4620.asm
               OSCCONbits   0x000fd3       data     extern E:\3.46\pic18-lt\cxx-framework\src\traditional\proc\p18f4620.asm
                  OSCTUNE   0x000f9b       data     extern E:\3.46\pic18-lt\cxx-framework\src\traditional\proc\p18f4620.asm
              OSCTUNEbits   0x000f9b       data     extern E:\3.46\pic18-lt\cxx-framework\src\traditional\proc\p18f4620.asm
                       PC   0x000ff9       data     extern E:\3.46\pic18-lt\cxx-framework\src\traditional\proc\p18f4620.asm
                      PCL   0x000ff9       data     extern E:\3.46\pic18-lt\cxx-framework\src\traditional\proc\p18f4620.asm
                   PCLATH   0x000ffa       data     extern E:\3.46\pic18-lt\cxx-framework\src\traditional\proc\p18f4620.asm
                   PCLATU   0x000ffb       data     extern E:\3.46\pic18-lt\cxx-framework\src\traditional\proc\p18f4620.asm
                     PIE1   0x000f9d       data     extern E:\3.46\pic18-lt\cxx-framework\src\traditional\proc\p18f4620.asm
                 PIE1bits   0x000f9d       data     extern E:\3.46\pic18-lt\cxx-framework\src\traditional\proc\p18f4620.asm
                     PIE2   0x000fa0       data     extern E:\3.46\pic18-lt\cxx-framework\src\traditional\proc\p18f4620.asm
                 PIE2bits   0x000fa0       data     extern E:\3.46\pic18-lt\cxx-framework\src\traditional\proc\p18f4620.asm
                     PIR1   0x000f9e       data     extern E:\3.46\pic18-lt\cxx-framework\src\traditional\proc\p18f4620.asm
                 PIR1bits   0x000f9e       data     extern E:\3.46\pic18-lt\cxx-framework\src\traditional\proc\p18f4620.asm
                     PIR2   0x000fa1       data     extern E:\3.46\pic18-lt\cxx-framework\src\traditional\proc\p18f4620.asm
                 PIR2bits   0x000fa1       data     extern E:\3.46\pic18-lt\cxx-framework\src\traditional\proc\p18f4620.asm
                   PLUSW0   0x000feb       data     extern E:\3.46\pic18-lt\cxx-framework\src\traditional\proc\p18f4620.asm
                   PLUSW1   0x000fe3       data     extern E:\3.46\pic18-lt\cxx-framework\src\traditional\proc\p18f4620.asm
                   PLUSW2   0x000fdb       data     extern E:\3.46\pic18-lt\cxx-framework\src\traditional\proc\p18f4620.asm
                    PORTA   0x000f80       data     extern E:\3.46\pic18-lt\cxx-framework\src\traditional\proc\p18f4620.asm
                PORTAbits   0x000f80       data     extern E:\3.46\pic18-lt\cxx-framework\src\traditional\proc\p18f4620.asm
                    PORTB   0x000f81       data     extern E:\3.46\pic18-lt\cxx-framework\src\traditional\proc\p18f4620.asm
                PORTBbits   0x000f81       data     extern E:\3.46\pic18-lt\cxx-framework\src\traditional\proc\p18f4620.asm
                    PORTC   0x000f82       data     extern E:\3.46\pic18-lt\cxx-framework\src\traditional\proc\p18f4620.asm
                PORTCbits   0x000f82       data     extern E:\3.46\pic18-lt\cxx-framework\src\traditional\proc\p18f4620.asm
                    PORTD   0x000f83       data     extern E:\3.46\pic18-lt\cxx-framework\src\traditional\proc\p18f4620.asm
                PORTDbits   0x000f83       data     extern E:\3.46\pic18-lt\cxx-framework\src\traditional\proc\p18f4620.asm
                    PORTE   0x000f84       data     extern E:\3.46\pic18-lt\cxx-framework\src\traditional\proc\p18f4620.asm
                PORTEbits   0x000f84       data     extern E:\3.46\pic18-lt\cxx-framework\src\traditional\proc\p18f4620.asm
                 POSTDEC0   0x000fed       data     extern E:\3.46\pic18-lt\cxx-framework\src\traditional\proc\p18f4620.asm
                 POSTDEC1   0x000fe5       data     extern E:\3.46\pic18-lt\cxx-framework\src\traditional\proc\p18f4620.asm
                 POSTDEC2   0x000fdd       data     extern E:\3.46\pic18-lt\cxx-framework\src\traditional\proc\p18f4620.asm
                 POSTINC0   0x000fee       data     extern E:\3.46\pic18-lt\cxx-framework\src\traditional\proc\p18f4620.asm
                 POSTINC1   0x000fe6       data     extern E:\3.46\pic18-lt\cxx-framework\src\traditional\proc\p18f4620.asm
                 POSTINC2   0x000fde       data     extern E:\3.46\pic18-lt\cxx-framework\src\traditional\proc\p18f4620.asm
                      PR2   0x000fcb       data     extern E:\3.46\pic18-lt\cxx-framework\src\traditional\proc\p18f4620.asm
                  PREINC0   0x000fec       data     extern E:\3.46\pic18-lt\cxx-framework\src\traditional\proc\p18f4620.asm
                  PREINC1   0x000fe4       data     extern E:\3.46\pic18-lt\cxx-framework\src\traditional\proc\p18f4620.asm
                  PREINC2   0x000fdc       data     extern E:\3.46\pic18-lt\cxx-framework\src\traditional\proc\p18f4620.asm
                     PROD   0x000ff3       data     extern E:\3.46\pic18-lt\cxx-framework\src\traditional\proc\p18f4620.asm
                    PRODH   0x000ff4       data     extern E:\3.46\pic18-lt\cxx-framework\src\traditional\proc\p18f4620.asm
                    PRODL   0x000ff3       data     extern E:\3.46\pic18-lt\cxx-framework\src\traditional\proc\p18f4620.asm
                  PWM1CON   0x000fb7       data     extern E:\3.46\pic18-lt\cxx-framework\src\traditional\proc\p18f4620.asm
              PWM1CONbits   0x000fb7       data     extern E:\3.46\pic18-lt\cxx-framework\src\traditional\proc\p18f4620.asm
                     RCON   0x000fd0       data     extern E:\3.46\pic18-lt\cxx-framework\src\traditional\proc\p18f4620.asm
                 RCONbits   0x000fd0       data     extern E:\3.46\pic18-lt\cxx-framework\src\traditional\proc\p18f4620.asm
                    RCREG   0x000fae       data     extern E:\3.46\pic18-lt\cxx-framework\src\traditional\proc\p18f4620.asm
                    RCSTA   0x000fab       data     extern E:\3.46\pic18-lt\cxx-framework\src\traditional\proc\p18f4620.asm
                RCSTAbits   0x000fab       data     extern E:\3.46\pic18-lt\cxx-framework\src\traditional\proc\p18f4620.asm
                     RED1   0x000080       data     extern D:\Bai3_Button_LCD\main.c
                     RED2   0x000086       data     extern D:\Bai3_Button_LCD\main.c
                  Redtime   0x000f50       data     extern D:\Bai3_Button_LCD\main.c
              RedtimeDown   0x000099       data     extern D:\Bai3_Button_LCD\main.c
                     SIGN   0x000000       data     extern E:\3.46\pic18-lt\cxx-framework\src\traditional\math\cmath18.asm
                    SPBRG   0x000faf       data     extern E:\3.46\pic18-lt\cxx-framework\src\traditional\proc\p18f4620.asm
                   SPBRGH   0x000fb0       data     extern E:\3.46\pic18-lt\cxx-framework\src\traditional\proc\p18f4620.asm
                   SSPADD   0x000fc8       data     extern E:\3.46\pic18-lt\cxx-framework\src\traditional\proc\p18f4620.asm
                   SSPBUF   0x000fc9       data     extern E:\3.46\pic18-lt\cxx-framework\src\traditional\proc\p18f4620.asm
                  SSPCON1   0x000fc6       data     extern E:\3.46\pic18-lt\cxx-framework\src\traditional\proc\p18f4620.asm
              SSPCON1bits   0x000fc6       data     extern E:\3.46\pic18-lt\cxx-framework\src\traditional\proc\p18f4620.asm
                  SSPCON2   0x000fc5       data     extern E:\3.46\pic18-lt\cxx-framework\src\traditional\proc\p18f4620.asm
              SSPCON2bits   0x000fc5       data     extern E:\3.46\pic18-lt\cxx-framework\src\traditional\proc\p18f4620.asm
                  SSPSTAT   0x000fc7       data     extern E:\3.46\pic18-lt\cxx-framework\src\traditional\proc\p18f4620.asm
              SSPSTATbits   0x000fc7       data     extern E:\3.46\pic18-lt\cxx-framework\src\traditional\proc\p18f4620.asm
                   STATUS   0x000fd8       data     extern E:\3.46\pic18-lt\cxx-framework\src\traditional\proc\p18f4620.asm
               STATUSbits   0x000fd8       data     extern E:\3.46\pic18-lt\cxx-framework\src\traditional\proc\p18f4620.asm
                   STKPTR   0x000ffc       data     extern E:\3.46\pic18-lt\cxx-framework\src\traditional\proc\p18f4620.asm
               STKPTRbits   0x000ffc       data     extern E:\3.46\pic18-lt\cxx-framework\src\traditional\proc\p18f4620.asm
                    T0CON   0x000fd5       data     extern E:\3.46\pic18-lt\cxx-framework\src\traditional\proc\p18f4620.asm
                T0CONbits   0x000fd5       data     extern E:\3.46\pic18-lt\cxx-framework\src\traditional\proc\p18f4620.asm
                    T1CON   0x000fcd       data     extern E:\3.46\pic18-lt\cxx-framework\src\traditional\proc\p18f4620.asm
                T1CONbits   0x000fcd       data     extern E:\3.46\pic18-lt\cxx-framework\src\traditional\proc\p18f4620.asm
                    T2CON   0x000fca       data     extern E:\3.46\pic18-lt\cxx-framework\src\traditional\proc\p18f4620.asm
                T2CONbits   0x000fca       data     extern E:\3.46\pic18-lt\cxx-framework\src\traditional\proc\p18f4620.asm
                    T3CON   0x000fb1       data     extern E:\3.46\pic18-lt\cxx-framework\src\traditional\proc\p18f4620.asm
                T3CONbits   0x000fb1       data     extern E:\3.46\pic18-lt\cxx-framework\src\traditional\proc\p18f4620.asm
                   TABLAT   0x000ff5       data     extern E:\3.46\pic18-lt\cxx-framework\src\traditional\proc\p18f4620.asm
                   TBLPTR   0x000ff6       data     extern E:\3.46\pic18-lt\cxx-framework\src\traditional\proc\p18f4620.asm
                  TBLPTRH   0x000ff7       data     extern E:\3.46\pic18-lt\cxx-framework\src\traditional\proc\p18f4620.asm
                  TBLPTRL   0x000ff6       data     extern E:\3.46\pic18-lt\cxx-framework\src\traditional\proc\p18f4620.asm
                  TBLPTRU   0x000ff8       data     extern E:\3.46\pic18-lt\cxx-framework\src\traditional\proc\p18f4620.asm
                    TMR0H   0x000fd7       data     extern E:\3.46\pic18-lt\cxx-framework\src\traditional\proc\p18f4620.asm
                    TMR0L   0x000fd6       data     extern E:\3.46\pic18-lt\cxx-framework\src\traditional\proc\p18f4620.asm
                    TMR1H   0x000fcf       data     extern E:\3.46\pic18-lt\cxx-framework\src\traditional\proc\p18f4620.asm
                    TMR1L   0x000fce       data     extern E:\3.46\pic18-lt\cxx-framework\src\traditional\proc\p18f4620.asm
                     TMR2   0x000fcc       data     extern E:\3.46\pic18-lt\cxx-framework\src\traditional\proc\p18f4620.asm
                    TMR3H   0x000fb3       data     extern E:\3.46\pic18-lt\cxx-framework\src\traditional\proc\p18f4620.asm
                    TMR3L   0x000fb2       data     extern E:\3.46\pic18-lt\cxx-framework\src\traditional\proc\p18f4620.asm
                      TOS   0x000ffd       data     extern E:\3.46\pic18-lt\cxx-framework\src\traditional\proc\p18f4620.asm
                     TOSH   0x000ffe       data     extern E:\3.46\pic18-lt\cxx-framework\src\traditional\proc\p18f4620.asm
                     TOSL   0x000ffd       data     extern E:\3.46\pic18-lt\cxx-framework\src\traditional\proc\p18f4620.asm
                     TOSU   0x000fff       data     extern E:\3.46\pic18-lt\cxx-framework\src\traditional\proc\p18f4620.asm
                    TRISA   0x000f92       data     extern E:\3.46\pic18-lt\cxx-framework\src\traditional\proc\p18f4620.asm
                TRISAbits   0x000f92       data     extern E:\3.46\pic18-lt\cxx-framework\src\traditional\proc\p18f4620.asm
                    TRISB   0x000f93       data     extern E:\3.46\pic18-lt\cxx-framework\src\traditional\proc\p18f4620.asm
                TRISBbits   0x000f93       data     extern E:\3.46\pic18-lt\cxx-framework\src\traditional\proc\p18f4620.asm
                    TRISC   0x000f94       data     extern E:\3.46\pic18-lt\cxx-framework\src\traditional\proc\p18f4620.asm
                TRISCbits   0x000f94       data     extern E:\3.46\pic18-lt\cxx-framework\src\traditional\proc\p18f4620.asm
                    TRISD   0x000f95       data     extern E:\3.46\pic18-lt\cxx-framework\src\traditional\proc\p18f4620.asm
                TRISDbits   0x000f95       data     extern E:\3.46\pic18-lt\cxx-framework\src\traditional\proc\p18f4620.asm
                    TRISE   0x000f96       data     extern E:\3.46\pic18-lt\cxx-framework\src\traditional\proc\p18f4620.asm
                TRISEbits   0x000f96       data     extern E:\3.46\pic18-lt\cxx-framework\src\traditional\proc\p18f4620.asm
                    TXREG   0x000fad       data     extern E:\3.46\pic18-lt\cxx-framework\src\traditional\proc\p18f4620.asm
                    TXSTA   0x000fac       data     extern E:\3.46\pic18-lt\cxx-framework\src\traditional\proc\p18f4620.asm
                TXSTAbits   0x000fac       data     extern E:\3.46\pic18-lt\cxx-framework\src\traditional\proc\p18f4620.asm
                  Timeset   0x0000a5       data     extern D:\Bai3_Button_LCD\main.c
                        W   0x000fe8       data     extern E:\3.46\pic18-lt\cxx-framework\src\traditional\proc\p18f4620.asm
                   WDTCON   0x000fd1       data     extern E:\3.46\pic18-lt\cxx-framework\src\traditional\proc\p18f4620.asm
               WDTCONbits   0x000fd1       data     extern E:\3.46\pic18-lt\cxx-framework\src\traditional\proc\p18f4620.asm
                     WREG   0x000fe8       data     extern E:\3.46\pic18-lt\cxx-framework\src\traditional\proc\p18f4620.asm
                  YELLOW1   0x000084       data     extern D:\Bai3_Button_LCD\main.c
                  YELLOW2   0x00008a       data     extern D:\Bai3_Button_LCD\main.c
               Yellowtime   0x000091       data     extern D:\Bai3_Button_LCD\main.c
           YellowtimeDown   0x0000a1       data     extern D:\Bai3_Button_LCD\main.c
                 __AARGB0   0x000009       data     extern E:\3.46\pic18-lt\cxx-framework\src\traditional\math\aarg.asm
                 __AARGB1   0x000008       data     extern E:\3.46\pic18-lt\cxx-framework\src\traditional\math\aarg.asm
                 __AARGB2   0x000007       data     extern E:\3.46\pic18-lt\cxx-framework\src\traditional\math\aarg.asm
                 __AARGB3   0x000006       data     extern E:\3.46\pic18-lt\cxx-framework\src\traditional\math\aarg.asm
                 __AARGB4   0x000005       data     extern E:\3.46\pic18-lt\cxx-framework\src\traditional\math\aarg.asm
                 __AARGB5   0x000004       data     extern E:\3.46\pic18-lt\cxx-framework\src\traditional\math\aarg.asm
                 __AARGB6   0x000003       data     extern E:\3.46\pic18-lt\cxx-framework\src\traditional\math\aarg.asm
                 __AARGB7   0x000002       data     extern E:\3.46\pic18-lt\cxx-framework\src\traditional\math\aarg.asm
                   __AEXP   0x00000a       data     extern E:\3.46\pic18-lt\cxx-framework\src\traditional\math\aarg.asm
                 __BARGB0   0x00000e       data     extern E:\3.46\pic18-lt\cxx-framework\src\traditional\math\barg.asm
                 __BARGB1   0x00000d       data     extern E:\3.46\pic18-lt\cxx-framework\src\traditional\math\barg.asm
                 __BARGB2   0x00000c       data     extern E:\3.46\pic18-lt\cxx-framework\src\traditional\math\barg.asm
                 __BARGB3   0x00000b       data     extern E:\3.46\pic18-lt\cxx-framework\src\traditional\math\barg.asm
                   __BEXP   0x00000f       data     extern E:\3.46\pic18-lt\cxx-framework\src\traditional\math\barg.asm
                __FPFLAGS   0x000001       data     extern E:\3.46\pic18-lt\cxx-framework\src\traditional\math\cmath18.asm
            __FPFLAGSbits   0x000001       data     extern E:\3.46\pic18-lt\cxx-framework\src\traditional\math\cmath18.asm
                  __REMB0   0x000005       data     extern E:\3.46\pic18-lt\cxx-framework\src\traditional\math\aarg.asm
                  __REMB1   0x000004       data     extern E:\3.46\pic18-lt\cxx-framework\src\traditional\math\aarg.asm
                  __REMB2   0x000003       data     extern E:\3.46\pic18-lt\cxx-framework\src\traditional\math\aarg.asm
                  __REMB3   0x000002       data     extern E:\3.46\pic18-lt\cxx-framework\src\traditional\math\aarg.asm
                  __tmp_0   0x000010       data     static D:\Bai3_Button_LCD\lcd\lcd.c
                  __tmp_0   0x000010       data     static D:\Bai3_Button_LCD\main.c
                  __tmp_0   0x000010       data     static D:\Bai3_Button_LCD\timer\timer.c
                  __tmp_0   0x000010       data     static D:\Bai3_Button_LCD\button_matrix\button.c
         arrayMapOfNumber   0x0000c2       data     extern D:\Bai3_Button_LCD\main.c
         arrayMapOfOutput   0x0000b2       data     extern D:\Bai3_Button_LCD\main.c
       arrayMapOfPassword   0x0000d2       data     extern D:\Bai3_Button_LCD\main.c
      arrayMapOfPassword2   0x0000d6       data     extern D:\Bai3_Button_LCD\main.c
   arrayMaskInputOfButton   0x000f28       data     extern D:\Bai3_Button_LCD\button_matrix\button.c
      arrayMaskInputOfKey   0x000f24       data     extern D:\Bai3_Button_LCD\button_matrix\button.c
     arrayMaskOutputOfKey   0x000f20       data     extern D:\Bai3_Button_LCD\button_matrix\button.c
            arrayPassword   0x000f54       data     extern D:\Bai3_Button_LCD\main.c
            checkchinhgio   0x0000b1       data     extern D:\Bai3_Button_LCD\main.c
                     cnt0   0x000f69       data     extern D:\Bai3_Button_LCD\interrupt\interrupt.c
                     cnt1   0x000f6b       data     extern D:\Bai3_Button_LCD\interrupt\interrupt.c
                curr_byte   0x000f5e       data     static E:\3.46\pic18-lt\cxx-framework\src\traditional\startup\c018i.c
               curr_entry   0x000f60       data     static E:\3.46\pic18-lt\cxx-framework\src\traditional\startup\c018i.c
              current_col   0x000f67       data     extern D:\Bai3_Button_LCD\lcd\lcd.c
              current_row   0x000f65       data     extern D:\Bai3_Button_LCD\lcd\lcd.c
                 data_ptr   0x000f62       data     static E:\3.46\pic18-lt\cxx-framework\src\traditional\startup\c018i.c
              flag_timer0   0x000f38       data     extern D:\Bai3_Button_LCD\timer\timer.c
              flag_timer1   0x000f39       data     extern D:\Bai3_Button_LCD\timer\timer.c
              flag_timer2   0x000f3a       data     extern D:\Bai3_Button_LCD\timer\timer.c
              flag_timer3   0x000f3b       data     extern D:\Bai3_Button_LCD\timer\timer.c
            indexOfNumber   0x0000da       data     extern D:\Bai3_Button_LCD\main.c
                 key_code   0x000f00       data     extern D:\Bai3_Button_LCD\button_matrix\button.c
                      num   0x000f59       data     extern D:\Bai3_Button_LCD\main.c
       numberOfPushButton   0x0000db       data     extern D:\Bai3_Button_LCD\main.c
              numberValue   0x000f58       data     extern D:\Bai3_Button_LCD\main.c
                     prom   0x000f5b       data     static E:\3.46\pic18-lt\cxx-framework\src\traditional\startup\c018i.c
               segmentime   0x0000a9       data     extern D:\Bai3_Button_LCD\main.c
              segmentime2   0x0000ad       data     extern D:\Bai3_Button_LCD\main.c
                statusLCD   0x0000dc       data     extern D:\Bai3_Button_LCD\lcd\lcd.c
            statusOfLight   0x00008c       data     extern D:\Bai3_Button_LCD\main.c
             statusOutput   0x0000ba       data     extern D:\Bai3_Button_LCD\main.c
                time0_MUL   0x000f48       data     extern D:\Bai3_Button_LCD\timer\timer.c
                time1_MUL   0x000f4a       data     extern D:\Bai3_Button_LCD\timer\timer.c
                time2_MUL   0x000f4c       data     extern D:\Bai3_Button_LCD\timer\timer.c
                time3_MUL   0x000f4e       data     extern D:\Bai3_Button_LCD\timer\timer.c
                timeDelay   0x00008d       data     extern D:\Bai3_Button_LCD\main.c
               timer0_cnt   0x000f40       data     extern D:\Bai3_Button_LCD\timer\timer.c
             timer0_value   0x000f30       data     extern D:\Bai3_Button_LCD\timer\timer.c
               timer1_cnt   0x000f42       data     extern D:\Bai3_Button_LCD\timer\timer.c
             timer1_value   0x000f32       data     extern D:\Bai3_Button_LCD\timer\timer.c
               timer2_cnt   0x000f44       data     extern D:\Bai3_Button_LCD\timer\timer.c
             timer2_value   0x000f34       data     extern D:\Bai3_Button_LCD\timer\timer.c
               timer3_cnt   0x000f46       data     extern D:\Bai3_Button_LCD\timer\timer.c
             timer3_value   0x000f36       data     extern D:\Bai3_Button_LCD\timer\timer.c
                   v_cnt0   0x000f3c       data     extern D:\Bai3_Button_LCD\timer\timer.c
                   v_cnt1   0x000f3e       data     extern D:\Bai3_Button_LCD\timer\timer.c



                              Symbols - Sorted by Address
                     Name    Address   Location    Storage File                     
                ---------  ---------  ---------  --------- ---------                
                   _entry   0x000000    program     extern E:\3.46\pic18-lt\cxx-framework\src\traditional\startup\c018i.c
       ___return_lbl00000   0x000004    program     static                          
                   __init   0x000006    program     extern E:\3.46\pic18-lt\cxx-framework\src\traditional\stdclib\__init.c
      InterruptVectorHigh   0x000008    program     extern D:\Bai3_Button_LCD\interrupt\interrupt.c
       ___return_lbl00003   0x00000c    program     static                          
       InterruptVectorLow   0x000018    program     extern D:\Bai3_Button_LCD\interrupt\interrupt.c
       ___return_lbl00002   0x00001c    program     static                          
                     main   0x00005c    program     extern D:\Bai3_Button_LCD\main.c
                 delay_ms   0x00008a    program     extern D:\Bai3_Button_LCD\main.c
              init_output   0x0000f6    program     extern D:\Bai3_Button_LCD\main.c
              init_system   0x0000fe    program     extern D:\Bai3_Button_LCD\main.c
               OpenOutput   0x000178    program     extern D:\Bai3_Button_LCD\main.c
              CloseOutput   0x00019e    program     extern D:\Bai3_Button_LCD\main.c
            ReverseOutput   0x0001c4    program     extern D:\Bai3_Button_LCD\main.c
               TestOutput   0x0001f4    program     extern D:\Bai3_Button_LCD\main.c
               isButtonUp   0x000254    program     extern D:\Bai3_Button_LCD\main.c
             isButtonDown   0x000280    program     extern D:\Bai3_Button_LCD\main.c
                isButton1   0x000290    program     extern D:\Bai3_Button_LCD\main.c
                isButton2   0x0002a0    program     extern D:\Bai3_Button_LCD\main.c
            isButtonEnter   0x0002b0    program     extern D:\Bai3_Button_LCD\main.c
          AppTrafficLight   0x0002c0    program     extern D:\Bai3_Button_LCD\main.c
             Led7segmentA   0x0008ac    program     extern D:\Bai3_Button_LCD\main.c
             Led7segmentB   0x000a36    program     extern D:\Bai3_Button_LCD\main.c
                   OFFALL   0x000b9c    program     extern D:\Bai3_Button_LCD\main.c
                 YELLOWON   0x000b9e    program     extern D:\Bai3_Button_LCD\main.c
                YELLOWOFF   0x000bac    program     extern D:\Bai3_Button_LCD\main.c
                StageR1G2   0x000bae    program     extern D:\Bai3_Button_LCD\main.c
                StageY2R1   0x000bb6    program     extern D:\Bai3_Button_LCD\main.c
                StageR2G1   0x000bc0    program     extern D:\Bai3_Button_LCD\main.c
                StageY1R2   0x000bca    program     extern D:\Bai3_Button_LCD\main.c
            CheckPassword   0x000bd2    program     extern D:\Bai3_Button_LCD\main.c
           CheckPassword2   0x000c1e    program     extern D:\Bai3_Button_LCD\main.c
           isButtonNumber   0x000c6a    program     extern D:\Bai3_Button_LCD\main.c
                    innum   0x000cb8    program     extern D:\Bai3_Button_LCD\main.c
                   __pa_0   0x000df6    program     static D:\Bai3_Button_LCD\main.c
                   __pa_1   0x000e00    program     static D:\Bai3_Button_LCD\main.c
                   __pa_2   0x000e18    program     static D:\Bai3_Button_LCD\main.c
                   __pa_3   0x000e22    program     static D:\Bai3_Button_LCD\main.c
                   __pa_4   0x000e34    program     static D:\Bai3_Button_LCD\main.c
                   __pa_5   0x000e3a    program     static D:\Bai3_Button_LCD\main.c
                   __pa_6   0x000e4c    program     static D:\Bai3_Button_LCD\main.c
                   __pa_7   0x000e58    program     static D:\Bai3_Button_LCD\main.c
                   __pa_8   0x000e66    program     static D:\Bai3_Button_LCD\main.c
                   __pa_9   0x000e70    program     static D:\Bai3_Button_LCD\main.c
                  __pa_10   0x000e98    program     static D:\Bai3_Button_LCD\main.c
                  __pa_11   0x000eb0    program     static D:\Bai3_Button_LCD\main.c
                  __pa_12   0x000ec8    program     static D:\Bai3_Button_LCD\main.c
                  __pa_13   0x000ef0    program     static D:\Bai3_Button_LCD\main.c
                  __pa_14   0x000efa    program     static D:\Bai3_Button_LCD\main.c
                  __pa_15   0x000f00    program     static D:\Bai3_Button_LCD\main.c
                  __pa_16   0x000f30    program     static D:\Bai3_Button_LCD\main.c
                  __pa_17   0x000f40    program     static D:\Bai3_Button_LCD\main.c
                  __pa_18   0x000f50    program     static D:\Bai3_Button_LCD\main.c
                  __pa_19   0x000f76    program     static D:\Bai3_Button_LCD\main.c
                  __pa_20   0x000f80    program     static D:\Bai3_Button_LCD\main.c
              __tmplbl_32   0x000f80    program     static                          
              __tmplbl_33   0x000f80    program     static                          
              __tmplbl_34   0x000f80    program     static                          
              __tmplbl_35   0x000f80    program     static                          
              __tmplbl_36   0x000f80    program     static                          
                  __pa_21   0x000f88    program     static D:\Bai3_Button_LCD\main.c
                  __pa_22   0x000f94    program     static D:\Bai3_Button_LCD\main.c
                  __pa_23   0x000fa4    program     static D:\Bai3_Button_LCD\main.c
                  __pa_24   0x000fb0    program     static D:\Bai3_Button_LCD\main.c
                  __pa_25   0x000fba    program     static D:\Bai3_Button_LCD\main.c
                  __pa_26   0x000fc4    program     static D:\Bai3_Button_LCD\main.c
                  __pa_27   0x000fce    program     static D:\Bai3_Button_LCD\main.c
                  __pa_28   0x000fd8    program     static D:\Bai3_Button_LCD\main.c
                  __pa_29   0x000fe2    program     static D:\Bai3_Button_LCD\main.c
                  __pa_30   0x000fec    program     static D:\Bai3_Button_LCD\main.c
                  __pa_31   0x000ffc    program     static D:\Bai3_Button_LCD\main.c
                  __pa_32   0x00100c    program     static D:\Bai3_Button_LCD\main.c
                  __pa_33   0x001016    program     static D:\Bai3_Button_LCD\main.c
                  __pa_34   0x001022    program     static D:\Bai3_Button_LCD\main.c
                  __pa_35   0x00102e    program     static D:\Bai3_Button_LCD\main.c
                  __pa_36   0x00103a    program     static D:\Bai3_Button_LCD\main.c
                  __pa_37   0x001050    program     static D:\Bai3_Button_LCD\main.c
                  __pa_38   0x001066    program     static D:\Bai3_Button_LCD\main.c
                  __pa_39   0x00106e    program     static D:\Bai3_Button_LCD\main.c
                  __pa_40   0x00107c    program     static D:\Bai3_Button_LCD\main.c
                  __pa_41   0x001084    program     static D:\Bai3_Button_LCD\main.c
                  __pa_42   0x001092    program     static D:\Bai3_Button_LCD\main.c
                  __pa_43   0x00109a    program     static D:\Bai3_Button_LCD\main.c
                  __pa_44   0x0010ac    program     static D:\Bai3_Button_LCD\main.c
                  __pa_45   0x0010be    program     static D:\Bai3_Button_LCD\main.c
                  __pa_46   0x0010c6    program     static D:\Bai3_Button_LCD\main.c
                  __pa_47   0x0010d6    program     static D:\Bai3_Button_LCD\main.c
                  __pa_48   0x0010e4    program     static D:\Bai3_Button_LCD\main.c
                  __pa_49   0x0010ec    program     static D:\Bai3_Button_LCD\main.c
                  __pa_50   0x0010fa    program     static D:\Bai3_Button_LCD\main.c
                  __pa_51   0x001104    program     static D:\Bai3_Button_LCD\main.c
                  __pa_52   0x00110e    program     static D:\Bai3_Button_LCD\main.c
                  __pa_53   0x001112    program     static D:\Bai3_Button_LCD\main.c
                  __pa_54   0x00111c    program     static D:\Bai3_Button_LCD\main.c
                  __pa_55   0x001126    program     static D:\Bai3_Button_LCD\main.c
                  __pa_56   0x001160    program     static D:\Bai3_Button_LCD\main.c
                  __pa_57   0x001174    program     static D:\Bai3_Button_LCD\main.c
                  __pa_58   0x00117c    program     static D:\Bai3_Button_LCD\main.c
                  __pa_59   0x001188    program     static D:\Bai3_Button_LCD\main.c
                  __pa_60   0x001198    program     static D:\Bai3_Button_LCD\main.c
                  __pa_61   0x00119e    program     static D:\Bai3_Button_LCD\main.c
                  __pa_62   0x0011a4    program     static D:\Bai3_Button_LCD\main.c
                  __pa_63   0x0011b0    program     static D:\Bai3_Button_LCD\main.c
                  __pa_64   0x0011c0    program     static D:\Bai3_Button_LCD\main.c
                  __pa_65   0x0011ca    program     static D:\Bai3_Button_LCD\main.c
                  __pa_66   0x0011d2    program     static D:\Bai3_Button_LCD\main.c
                  __pa_67   0x0011e8    program     static D:\Bai3_Button_LCD\main.c
                  __pa_68   0x0011f8    program     static D:\Bai3_Button_LCD\main.c
                  __pa_69   0x001208    program     static D:\Bai3_Button_LCD\main.c
                  __pa_70   0x001212    program     static D:\Bai3_Button_LCD\main.c
                  __pa_71   0x00121a    program     static D:\Bai3_Button_LCD\main.c
                  __pa_72   0x001222    program     static D:\Bai3_Button_LCD\main.c
                  __pa_73   0x00122a    program     static D:\Bai3_Button_LCD\main.c
                  __pa_74   0x001232    program     static D:\Bai3_Button_LCD\main.c
                  __pa_75   0x001242    program     static D:\Bai3_Button_LCD\main.c
                  __pa_76   0x00124e    program     static D:\Bai3_Button_LCD\main.c
                  __pa_77   0x001256    program     static D:\Bai3_Button_LCD\main.c
                  __pa_78   0x00125e    program     static D:\Bai3_Button_LCD\main.c
                  __pa_79   0x001268    program     static D:\Bai3_Button_LCD\main.c
                  __pa_80   0x001270    program     static D:\Bai3_Button_LCD\main.c
                  __pa_81   0x001278    program     static D:\Bai3_Button_LCD\main.c
                  __pa_82   0x001286    program     static D:\Bai3_Button_LCD\main.c
                  __pa_83   0x001290    program     static D:\Bai3_Button_LCD\main.c
                  __pa_84   0x00129e    program     static D:\Bai3_Button_LCD\main.c
                  __pa_85   0x0012ac    program     static D:\Bai3_Button_LCD\main.c
                  __pa_86   0x0012b4    program     static D:\Bai3_Button_LCD\main.c
[...]
                     DDRB   0x000f93       data     extern E:\3.46\pic18-lt\cxx-framework\src\traditional\proc\p18f4620.asm
                TRISBbits   0x000f93       data     extern E:\3.46\pic18-lt\cxx-framework\src\traditional\proc\p18f4620.asm
                    TRISB   0x000f93       data     extern E:\3.46\pic18-lt\cxx-framework\src\traditional\proc\p18f4620.asm
                TRISCbits   0x000f94       data     extern E:\3.46\pic18-lt\cxx-framework\src\traditional\proc\p18f4620.asm
                    TRISC   0x000f94       data     extern E:\3.46\pic18-lt\cxx-framework\src\traditional\proc\p18f4620.asm
                 DDRCbits   0x000f94       data     extern E:\3.46\pic18-lt\cxx-framework\src\traditional\proc\p18f4620.asm
                     DDRC   0x000f94       data     extern E:\3.46\pic18-lt\cxx-framework\src\traditional\proc\p18f4620.asm
                    TRISD   0x000f95       data     extern E:\3.46\pic18-lt\cxx-framework\src\traditional\proc\p18f4620.asm
                TRISDbits   0x000f95       data     extern E:\3.46\pic18-lt\cxx-framework\src\traditional\proc\p18f4620.asm
                 DDRDbits   0x000f95       data     extern E:\3.46\pic18-lt\cxx-framework\src\traditional\proc\p18f4620.asm
                     DDRD   0x000f95       data     extern E:\3.46\pic18-lt\cxx-framework\src\traditional\proc\p18f4620.asm
                    TRISE   0x000f96       data     extern E:\3.46\pic18-lt\cxx-framework\src\traditional\proc\p18f4620.asm
                TRISEbits   0x000f96       data     extern E:\3.46\pic18-lt\cxx-framework\src\traditional\proc\p18f4620.asm
                     DDRE   0x000f96       data     extern E:\3.46\pic18-lt\cxx-framework\src\traditional\proc\p18f4620.asm
                 DDREbits   0x000f96       data     extern E:\3.46\pic18-lt\cxx-framework\src\traditional\proc\p18f4620.asm
                  OSCTUNE   0x000f9b       data     extern E:\3.46\pic18-lt\cxx-framework\src\traditional\proc\p18f4620.asm
              OSCTUNEbits   0x000f9b       data     extern E:\3.46\pic18-lt\cxx-framework\src\traditional\proc\p18f4620.asm
                 PIE1bits   0x000f9d       data     extern E:\3.46\pic18-lt\cxx-framework\src\traditional\proc\p18f4620.asm
                     PIE1   0x000f9d       data     extern E:\3.46\pic18-lt\cxx-framework\src\traditional\proc\p18f4620.asm
                 PIR1bits   0x000f9e       data     extern E:\3.46\pic18-lt\cxx-framework\src\traditional\proc\p18f4620.asm
                     PIR1   0x000f9e       data     extern E:\3.46\pic18-lt\cxx-framework\src\traditional\proc\p18f4620.asm
                     IPR1   0x000f9f       data     extern E:\3.46\pic18-lt\cxx-framework\src\traditional\proc\p18f4620.asm
                 IPR1bits   0x000f9f       data     extern E:\3.46\pic18-lt\cxx-framework\src\traditional\proc\p18f4620.asm
                 PIE2bits   0x000fa0       data     extern E:\3.46\pic18-lt\cxx-framework\src\traditional\proc\p18f4620.asm
                     PIE2   0x000fa0       data     extern E:\3.46\pic18-lt\cxx-framework\src\traditional\proc\p18f4620.asm
                     PIR2   0x000fa1       data     extern E:\3.46\pic18-lt\cxx-framework\src\traditional\proc\p18f4620.asm
                 PIR2bits   0x000fa1       data     extern E:\3.46\pic18-lt\cxx-framework\src\traditional\proc\p18f4620.asm
                     IPR2   0x000fa2       data     extern E:\3.46\pic18-lt\cxx-framework\src\traditional\proc\p18f4620.asm
                 IPR2bits   0x000fa2       data     extern E:\3.46\pic18-lt\cxx-framework\src\traditional\proc\p18f4620.asm
                   EECON1   0x000fa6       data     extern E:\3.46\pic18-lt\cxx-framework\src\traditional\proc\p18f4620.asm
               EECON1bits   0x000fa6       data     extern E:\3.46\pic18-lt\cxx-framework\src\traditional\proc\p18f4620.asm
                   EECON2   0x000fa7       data     extern E:\3.46\pic18-lt\cxx-framework\src\traditional\proc\p18f4620.asm
                   EEDATA   0x000fa8       data     extern E:\3.46\pic18-lt\cxx-framework\src\traditional\proc\p18f4620.asm
                    EEADR   0x000fa9       data     extern E:\3.46\pic18-lt\cxx-framework\src\traditional\proc\p18f4620.asm
                   EEADRH   0x000faa       data     extern E:\3.46\pic18-lt\cxx-framework\src\traditional\proc\p18f4620.asm
                    RCSTA   0x000fab       data     extern E:\3.46\pic18-lt\cxx-framework\src\traditional\proc\p18f4620.asm
                RCSTAbits   0x000fab       data     extern E:\3.46\pic18-lt\cxx-framework\src\traditional\proc\p18f4620.asm
                    TXSTA   0x000fac       data     extern E:\3.46\pic18-lt\cxx-framework\src\traditional\proc\p18f4620.asm
                TXSTAbits   0x000fac       data     extern E:\3.46\pic18-lt\cxx-framework\src\traditional\proc\p18f4620.asm
                    TXREG   0x000fad       data     extern E:\3.46\pic18-lt\cxx-framework\src\traditional\proc\p18f4620.asm
                    RCREG   0x000fae       data     extern E:\3.46\pic18-lt\cxx-framework\src\traditional\proc\p18f4620.asm
                    SPBRG   0x000faf       data     extern E:\3.46\pic18-lt\cxx-framework\src\traditional\proc\p18f4620.asm
                   SPBRGH   0x000fb0       data     extern E:\3.46\pic18-lt\cxx-framework\src\traditional\proc\p18f4620.asm
                T3CONbits   0x000fb1       data     extern E:\3.46\pic18-lt\cxx-framework\src\traditional\proc\p18f4620.asm
                    T3CON   0x000fb1       data     extern E:\3.46\pic18-lt\cxx-framework\src\traditional\proc\p18f4620.asm
                    TMR3L   0x000fb2       data     extern E:\3.46\pic18-lt\cxx-framework\src\traditional\proc\p18f4620.asm
                    TMR3H   0x000fb3       data     extern E:\3.46\pic18-lt\cxx-framework\src\traditional\proc\p18f4620.asm
                CMCONbits   0x000fb4       data     extern E:\3.46\pic18-lt\cxx-framework\src\traditional\proc\p18f4620.asm
                    CMCON   0x000fb4       data     extern E:\3.46\pic18-lt\cxx-framework\src\traditional\proc\p18f4620.asm
               CVRCONbits   0x000fb5       data     extern E:\3.46\pic18-lt\cxx-framework\src\traditional\proc\p18f4620.asm
                   CVRCON   0x000fb5       data     extern E:\3.46\pic18-lt\cxx-framework\src\traditional\proc\p18f4620.asm
                  ECCP1AS   0x000fb6       data     extern E:\3.46\pic18-lt\cxx-framework\src\traditional\proc\p18f4620.asm
              ECCP1ASbits   0x000fb6       data     extern E:\3.46\pic18-lt\cxx-framework\src\traditional\proc\p18f4620.asm
              PWM1CONbits   0x000fb7       data     extern E:\3.46\pic18-lt\cxx-framework\src\traditional\proc\p18f4620.asm
                  PWM1CON   0x000fb7       data     extern E:\3.46\pic18-lt\cxx-framework\src\traditional\proc\p18f4620.asm
              BAUDCTLbits   0x000fb8       data     extern E:\3.46\pic18-lt\cxx-framework\src\traditional\proc\p18f4620.asm
                  BAUDCTL   0x000fb8       data     extern E:\3.46\pic18-lt\cxx-framework\src\traditional\proc\p18f4620.asm
              BAUDCONbits   0x000fb8       data     extern E:\3.46\pic18-lt\cxx-framework\src\traditional\proc\p18f4620.asm
                  BAUDCON   0x000fb8       data     extern E:\3.46\pic18-lt\cxx-framework\src\traditional\proc\p18f4620.asm
                  CCP2CON   0x000fba       data     extern E:\3.46\pic18-lt\cxx-framework\src\traditional\proc\p18f4620.asm
              CCP2CONbits   0x000fba       data     extern E:\3.46\pic18-lt\cxx-framework\src\traditional\proc\p18f4620.asm
                    CCPR2   0x000fbb       data     extern E:\3.46\pic18-lt\cxx-framework\src\traditional\proc\p18f4620.asm
                   CCPR2L   0x000fbb       data     extern E:\3.46\pic18-lt\cxx-framework\src\traditional\proc\p18f4620.asm
                   CCPR2H   0x000fbc       data     extern E:\3.46\pic18-lt\cxx-framework\src\traditional\proc\p18f4620.asm
              CCP1CONbits   0x000fbd       data     extern E:\3.46\pic18-lt\cxx-framework\src\traditional\proc\p18f4620.asm
                  CCP1CON   0x000fbd       data     extern E:\3.46\pic18-lt\cxx-framework\src\traditional\proc\p18f4620.asm
                    CCPR1   0x000fbe       data     extern E:\3.46\pic18-lt\cxx-framework\src\traditional\proc\p18f4620.asm
                   CCPR1L   0x000fbe       data     extern E:\3.46\pic18-lt\cxx-framework\src\traditional\proc\p18f4620.asm
                   CCPR1H   0x000fbf       data     extern E:\3.46\pic18-lt\cxx-framework\src\traditional\proc\p18f4620.asm
               ADCON2bits   0x000fc0       data     extern E:\3.46\pic18-lt\cxx-framework\src\traditional\proc\p18f4620.asm
                   ADCON2   0x000fc0       data     extern E:\3.46\pic18-lt\cxx-framework\src\traditional\proc\p18f4620.asm
               ADCON1bits   0x000fc1       data     extern E:\3.46\pic18-lt\cxx-framework\src\traditional\proc\p18f4620.asm
                   ADCON1   0x000fc1       data     extern E:\3.46\pic18-lt\cxx-framework\src\traditional\proc\p18f4620.asm
               ADCON0bits   0x000fc2       data     extern E:\3.46\pic18-lt\cxx-framework\src\traditional\proc\p18f4620.asm
                   ADCON0   0x000fc2       data     extern E:\3.46\pic18-lt\cxx-framework\src\traditional\proc\p18f4620.asm
                   ADRESL   0x000fc3       data     extern E:\3.46\pic18-lt\cxx-framework\src\traditional\proc\p18f4620.asm
                    ADRES   0x000fc3       data     extern E:\3.46\pic18-lt\cxx-framework\src\traditional\proc\p18f4620.asm
                   ADRESH   0x000fc4       data     extern E:\3.46\pic18-lt\cxx-framework\src\traditional\proc\p18f4620.asm
              SSPCON2bits   0x000fc5       data     extern E:\3.46\pic18-lt\cxx-framework\src\traditional\proc\p18f4620.asm
                  SSPCON2   0x000fc5       data     extern E:\3.46\pic18-lt\cxx-framework\src\traditional\proc\p18f4620.asm
                  SSPCON1   0x000fc6       data     extern E:\3.46\pic18-lt\cxx-framework\src\traditional\proc\p18f4620.asm
              SSPCON1bits   0x000fc6       data     extern E:\3.46\pic18-lt\cxx-framework\src\traditional\proc\p18f4620.asm
                  SSPSTAT   0x000fc7       data     extern E:\3.46\pic18-lt\cxx-framework\src\traditional\proc\p18f4620.asm
              SSPSTATbits   0x000fc7       data     extern E:\3.46\pic18-lt\cxx-framework\src\traditional\proc\p18f4620.asm
                   SSPADD   0x000fc8       data     extern E:\3.46\pic18-lt\cxx-framework\src\traditional\proc\p18f4620.asm
                   SSPBUF   0x000fc9       data     extern E:\3.46\pic18-lt\cxx-framework\src\traditional\proc\p18f4620.asm
                    T2CON   0x000fca       data     extern E:\3.46\pic18-lt\cxx-framework\src\traditional\proc\p18f4620.asm
                T2CONbits   0x000fca       data     extern E:\3.46\pic18-lt\cxx-framework\src\traditional\proc\p18f4620.asm
                      PR2   0x000fcb       data     extern E:\3.46\pic18-lt\cxx-framework\src\traditional\proc\p18f4620.asm
                     TMR2   0x000fcc       data     extern E:\3.46\pic18-lt\cxx-framework\src\traditional\proc\p18f4620.asm
                    T1CON   0x000fcd       data     extern E:\3.46\pic18-lt\cxx-framework\src\traditional\proc\p18f4620.asm
                T1CONbits   0x000fcd       data     extern E:\3.46\pic18-lt\cxx-framework\src\traditional\proc\p18f4620.asm
                    TMR1L   0x000fce       data     extern E:\3.46\pic18-lt\cxx-framework\src\traditional\proc\p18f4620.asm
                    TMR1H   0x000fcf       data     extern E:\3.46\pic18-lt\cxx-framework\src\traditional\proc\p18f4620.asm
                     RCON   0x000fd0       data     extern E:\3.46\pic18-lt\cxx-framework\src\traditional\proc\p18f4620.asm
                 RCONbits   0x000fd0       data     extern E:\3.46\pic18-lt\cxx-framework\src\traditional\proc\p18f4620.asm
                   WDTCON   0x000fd1       data     extern E:\3.46\pic18-lt\cxx-framework\src\traditional\proc\p18f4620.asm
               WDTCONbits   0x000fd1       data     extern E:\3.46\pic18-lt\cxx-framework\src\traditional\proc\p18f4620.asm
              HLVDCONbits   0x000fd2       data     extern E:\3.46\pic18-lt\cxx-framework\src\traditional\proc\p18f4620.asm
                  HLVDCON   0x000fd2       data     extern E:\3.46\pic18-lt\cxx-framework\src\traditional\proc\p18f4620.asm
                   LVDCON   0x000fd2       data     extern E:\3.46\pic18-lt\cxx-framework\src\traditional\proc\p18f4620.asm
               LVDCONbits   0x000fd2       data     extern E:\3.46\pic18-lt\cxx-framework\src\traditional\proc\p18f4620.asm
               OSCCONbits   0x000fd3       data     extern E:\3.46\pic18-lt\cxx-framework\src\traditional\proc\p18f4620.asm
                   OSCCON   0x000fd3       data     extern E:\3.46\pic18-lt\cxx-framework\src\traditional\proc\p18f4620.asm
                T0CONbits   0x000fd5       data     extern E:\3.46\pic18-lt\cxx-framework\src\traditional\proc\p18f4620.asm
                    T0CON   0x000fd5       data     extern E:\3.46\pic18-lt\cxx-framework\src\traditional\proc\p18f4620.asm
                    TMR0L   0x000fd6       data     extern E:\3.46\pic18-lt\cxx-framework\src\traditional\proc\p18f4620.asm
                    TMR0H   0x000fd7       data     extern E:\3.46\pic18-lt\cxx-framework\src\traditional\proc\p18f4620.asm
               STATUSbits   0x000fd8       data     extern E:\3.46\pic18-lt\cxx-framework\src\traditional\proc\p18f4620.asm
                   STATUS   0x000fd8       data     extern E:\3.46\pic18-lt\cxx-framework\src\traditional\proc\p18f4620.asm
                     FSR2   0x000fd9       data     extern E:\3.46\pic18-lt\cxx-framework\src\traditional\proc\p18f4620.asm
                    FSR2L   0x000fd9       data     extern E:\3.46\pic18-lt\cxx-framework\src\traditional\proc\p18f4620.asm
                    FSR2H   0x000fda       data     extern E:\3.46\pic18-lt\cxx-framework\src\traditional\proc\p18f4620.asm
                   PLUSW2   0x000fdb       data     extern E:\3.46\pic18-lt\cxx-framework\src\traditional\proc\p18f4620.asm
                  PREINC2   0x000fdc       data     extern E:\3.46\pic18-lt\cxx-framework\src\traditional\proc\p18f4620.asm
                 POSTDEC2   0x000fdd       data     extern E:\3.46\pic18-lt\cxx-framework\src\traditional\proc\p18f4620.asm
                 POSTINC2   0x000fde       data     extern E:\3.46\pic18-lt\cxx-framework\src\traditional\proc\p18f4620.asm
                    INDF2   0x000fdf       data     extern E:\3.46\pic18-lt\cxx-framework\src\traditional\proc\p18f4620.asm
                      BSR   0x000fe0       data     extern E:\3.46\pic18-lt\cxx-framework\src\traditional\proc\p18f4620.asm
                    FSR1L   0x000fe1       data     extern E:\3.46\pic18-lt\cxx-framework\src\traditional\proc\p18f4620.asm
                     FSR1   0x000fe1       data     extern E:\3.46\pic18-lt\cxx-framework\src\traditional\proc\p18f4620.asm
                    FSR1H   0x000fe2       data     extern E:\3.46\pic18-lt\cxx-framework\src\traditional\proc\p18f4620.asm
                   PLUSW1   0x000fe3       data     extern E:\3.46\pic18-lt\cxx-framework\src\traditional\proc\p18f4620.asm
                  PREINC1   0x000fe4       data     extern E:\3.46\pic18-lt\cxx-framework\src\traditional\proc\p18f4620.asm
                 POSTDEC1   0x000fe5       data     extern E:\3.46\pic18-lt\cxx-framework\src\traditional\proc\p18f4620.asm
                 POSTINC1   0x000fe6       data     extern E:\3.46\pic18-lt\cxx-framework\src\traditional\proc\p18f4620.asm
                    INDF1   0x000fe7       data     extern E:\3.46\pic18-lt\cxx-framework\src\traditional\proc\p18f4620.asm
                     WREG   0x000fe8       data     extern E:\3.46\pic18-lt\cxx-framework\src\traditional\proc\p18f4620.asm
                        W   0x000fe8       data     extern E:\3.46\pic18-lt\cxx-framework\src\traditional\proc\p18f4620.asm
                     FSR0   0x000fe9       data     extern E:\3.46\pic18-lt\cxx-framework\src\traditional\proc\p18f4620.asm
                    FSR0L   0x000fe9       data     extern E:\3.46\pic18-lt\cxx-framework\src\traditional\proc\p18f4620.asm
                    FSR0H   0x000fea       data     extern E:\3.46\pic18-lt\cxx-framework\src\traditional\proc\p18f4620.asm
                   PLUSW0   0x000feb       data     extern E:\3.46\pic18-lt\cxx-framework\src\traditional\proc\p18f4620.asm
                  PREINC0   0x000fec       data     extern E:\3.46\pic18-lt\cxx-framework\src\traditional\proc\p18f4620.asm
                 POSTDEC0   0x000fed       data     extern E:\3.46\pic18-lt\cxx-framework\src\traditional\proc\p18f4620.asm
                 POSTINC0   0x000fee       data     extern E:\3.46\pic18-lt\cxx-framework\src\traditional\proc\p18f4620.asm
                    INDF0   0x000fef       data     extern E:\3.46\pic18-lt\cxx-framework\src\traditional\proc\p18f4620.asm
              INTCON3bits   0x000ff0       data     extern E:\3.46\pic18-lt\cxx-framework\src\traditional\proc\p18f4620.asm
                  INTCON3   0x000ff0       data     extern E:\3.46\pic18-lt\cxx-framework\src\traditional\proc\p18f4620.asm
              INTCON2bits   0x000ff1       data     extern E:\3.46\pic18-lt\cxx-framework\src\traditional\proc\p18f4620.asm
                  INTCON2   0x000ff1       data     extern E:\3.46\pic18-lt\cxx-framework\src\traditional\proc\p18f4620.asm
                   INTCON   0x000ff2       data     extern E:\3.46\pic18-lt\cxx-framework\src\traditional\proc\p18f4620.asm
               INTCONbits   0x000ff2       data     extern E:\3.46\pic18-lt\cxx-framework\src\traditional\proc\p18f4620.asm
                     PROD   0x000ff3       data     extern E:\3.46\pic18-lt\cxx-framework\src\traditional\proc\p18f4620.asm
                    PRODL   0x000ff3       data     extern E:\3.46\pic18-lt\cxx-framework\src\traditional\proc\p18f4620.asm
                    PRODH   0x000ff4       data     extern E:\3.46\pic18-lt\cxx-framework\src\traditional\proc\p18f4620.asm
                   TABLAT   0x000ff5       data     extern E:\3.46\pic18-lt\cxx-framework\src\traditional\proc\p18f4620.asm
                   TBLPTR   0x000ff6       data     extern E:\3.46\pic18-lt\cxx-framework\src\traditional\proc\p18f4620.asm
                  TBLPTRL   0x000ff6       data     extern E:\3.46\pic18-lt\cxx-framework\src\traditional\proc\p18f4620.asm
                  TBLPTRH   0x000ff7       data     extern E:\3.46\pic18-lt\cxx-framework\src\traditional\proc\p18f4620.asm
                  TBLPTRU   0x000ff8       data     extern E:\3.46\pic18-lt\cxx-framework\src\traditional\proc\p18f4620.asm
                      PCL   0x000ff9       data     extern E:\3.46\pic18-lt\cxx-framework\src\traditional\proc\p18f4620.asm
                       PC   0x000ff9       data     extern E:\3.46\pic18-lt\cxx-framework\src\traditional\proc\p18f4620.asm
                   PCLATH   0x000ffa       data     extern E:\3.46\pic18-lt\cxx-framework\src\traditional\proc\p18f4620.asm
                   PCLATU   0x000ffb       data     extern E:\3.46\pic18-lt\cxx-framework\src\traditional\proc\p18f4620.asm
               STKPTRbits   0x000ffc       data     extern E:\3.46\pic18-lt\cxx-framework\src\traditional\proc\p18f4620.asm
                   STKPTR   0x000ffc       data     extern E:\3.46\pic18-lt\cxx-framework\src\traditional\proc\p18f4620.asm
                      TOS   0x000ffd       data     extern E:\3.46\pic18-lt\cxx-framework\src\traditional\proc\p18f4620.asm
                     TOSL   0x000ffd       data     extern E:\3.46\pic18-lt\cxx-framework\src\traditional\proc\p18f4620.asm
                     TOSH   0x000ffe       data     extern E:\3.46\pic18-lt\cxx-framework\src\traditional\proc\p18f4620.asm
                     TOSU   0x000fff       data     extern E:\3.46\pic18-lt\cxx-framework\src\traditional\proc\p18f4620.asm


